Component: ARM Compiler 5.06 update 6 (build 750) Tool: armlink [4d35ed]

==============================================================================

Section Cross References

    startup_stm32f103xb.o(RESET) refers to startup_stm32f103xb.o(STACK) for __initial_sp
    startup_stm32f103xb.o(RESET) refers to startup_stm32f103xb.o(.text) for Reset_Handler
    startup_stm32f103xb.o(RESET) refers to stm32f1xx_it.o(i.NMI_Handler) for NMI_Handler
    startup_stm32f103xb.o(RESET) refers to stm32f1xx_it.o(i.HardFault_Handler) for HardFault_Handler
    startup_stm32f103xb.o(RESET) refers to stm32f1xx_it.o(i.MemManage_Handler) for MemManage_Handler
    startup_stm32f103xb.o(RESET) refers to stm32f1xx_it.o(i.BusFault_Handler) for BusFault_Handler
    startup_stm32f103xb.o(RESET) refers to stm32f1xx_it.o(i.UsageFault_Handler) for UsageFault_Handler
    startup_stm32f103xb.o(RESET) refers to stm32f1xx_it.o(i.SVC_Handler) for SVC_Handler
    startup_stm32f103xb.o(RESET) refers to stm32f1xx_it.o(i.DebugMon_Handler) for DebugMon_Handler
    startup_stm32f103xb.o(RESET) refers to stm32f1xx_it.o(i.PendSV_Handler) for PendSV_Handler
    startup_stm32f103xb.o(RESET) refers to stm32f1xx_it.o(i.SysTick_Handler) for SysTick_Handler
    startup_stm32f103xb.o(.text) refers to system_stm32f1xx.o(i.SystemInit) for SystemInit
    startup_stm32f103xb.o(.text) refers to entry.o(.ARM.Collect$$$$00000000) for __main
    system_stm32f1xx.o(i.SystemCoreClockUpdate) refers to system_stm32f1xx.o(.data) for .data
    system_stm32f1xx.o(i.SystemCoreClockUpdate) refers to system_stm32f1xx.o(.constdata) for .constdata
    system_stm32f1xx.o(.ARM.exidx) refers to system_stm32f1xx.o(i.SystemInit) for i.SystemInit
    system_stm32f1xx.o(.ARM.exidx) refers to system_stm32f1xx.o(i.SystemCoreClockUpdate) for i.SystemCoreClockUpdate
    stm32f1xx_hal_rcc_ex.o(i.HAL_RCCEx_GetPeriphCLKFreq) refers to stm32f1xx_hal_rcc.o(i.HAL_RCC_GetPCLK2Freq) for HAL_RCC_GetPCLK2Freq
    stm32f1xx_hal_rcc_ex.o(i.HAL_RCCEx_PeriphCLKConfig) refers to stm32f1xx_hal.o(i.HAL_GetTick) for HAL_GetTick
    stm32f1xx_hal_rcc_ex.o(.ARM.exidx) refers to stm32f1xx_hal_rcc_ex.o(i.HAL_RCCEx_PeriphCLKConfig) for i.HAL_RCCEx_PeriphCLKConfig
    stm32f1xx_hal_rcc_ex.o(.ARM.exidx) refers to stm32f1xx_hal_rcc_ex.o(i.HAL_RCCEx_GetPeriphCLKConfig) for i.HAL_RCCEx_GetPeriphCLKConfig
    stm32f1xx_hal_rcc_ex.o(.ARM.exidx) refers to stm32f1xx_hal_rcc_ex.o(i.HAL_RCCEx_GetPeriphCLKFreq) for i.HAL_RCCEx_GetPeriphCLKFreq
    stm32f1xx_hal_gpio.o(i.HAL_GPIO_EXTI_IRQHandler) refers to stm32f1xx_hal_gpio.o(i.HAL_GPIO_EXTI_Callback) for HAL_GPIO_EXTI_Callback
    stm32f1xx_hal_gpio.o(.ARM.exidx) refers to stm32f1xx_hal_gpio.o(i.HAL_GPIO_Init) for i.HAL_GPIO_Init
    stm32f1xx_hal_gpio.o(.ARM.exidx) refers to stm32f1xx_hal_gpio.o(i.HAL_GPIO_DeInit) for i.HAL_GPIO_DeInit
    stm32f1xx_hal_gpio.o(.ARM.exidx) refers to stm32f1xx_hal_gpio.o(i.HAL_GPIO_ReadPin) for i.HAL_GPIO_ReadPin
    stm32f1xx_hal_gpio.o(.ARM.exidx) refers to stm32f1xx_hal_gpio.o(i.HAL_GPIO_WritePin) for i.HAL_GPIO_WritePin
    stm32f1xx_hal_gpio.o(.ARM.exidx) refers to stm32f1xx_hal_gpio.o(i.HAL_GPIO_TogglePin) for i.HAL_GPIO_TogglePin
    stm32f1xx_hal_gpio.o(.ARM.exidx) refers to stm32f1xx_hal_gpio.o(i.HAL_GPIO_LockPin) for i.HAL_GPIO_LockPin
    stm32f1xx_hal_gpio.o(.ARM.exidx) refers to stm32f1xx_hal_gpio.o(i.HAL_GPIO_EXTI_Callback) for i.HAL_GPIO_EXTI_Callback
    stm32f1xx_hal_gpio.o(.ARM.exidx) refers to stm32f1xx_hal_gpio.o(i.HAL_GPIO_EXTI_IRQHandler) for i.HAL_GPIO_EXTI_IRQHandler
    stm32f1xx_hal.o(i.HAL_DeInit) refers to stm32f1xx_hal.o(i.HAL_MspDeInit) for HAL_MspDeInit
    stm32f1xx_hal.o(i.HAL_Delay) refers to stm32f1xx_hal.o(i.HAL_GetTick) for HAL_GetTick
    stm32f1xx_hal.o(i.HAL_Delay) refers to stm32f1xx_hal.o(.data) for .data
    stm32f1xx_hal.o(i.HAL_GetTick) refers to stm32f1xx_hal.o(.data) for .data
    stm32f1xx_hal.o(i.HAL_GetTickFreq) refers to stm32f1xx_hal.o(.data) for .data
    stm32f1xx_hal.o(i.HAL_GetTickPrio) refers to stm32f1xx_hal.o(.data) for .data
    stm32f1xx_hal.o(i.HAL_IncTick) refers to stm32f1xx_hal.o(.data) for .data
    stm32f1xx_hal.o(i.HAL_Init) refers to stm32f1xx_hal_cortex.o(i.HAL_NVIC_SetPriorityGrouping) for HAL_NVIC_SetPriorityGrouping
    stm32f1xx_hal.o(i.HAL_Init) refers to stm32f1xx_hal.o(i.HAL_InitTick) for HAL_InitTick
    stm32f1xx_hal.o(i.HAL_Init) refers to stm32f1xx_hal_msp.o(i.HAL_MspInit) for HAL_MspInit
    stm32f1xx_hal.o(i.HAL_InitTick) refers to stm32f1xx_hal_cortex.o(i.HAL_SYSTICK_Config) for HAL_SYSTICK_Config
    stm32f1xx_hal.o(i.HAL_InitTick) refers to stm32f1xx_hal_cortex.o(i.HAL_NVIC_SetPriority) for HAL_NVIC_SetPriority
    stm32f1xx_hal.o(i.HAL_InitTick) refers to stm32f1xx_hal.o(.data) for .data
    stm32f1xx_hal.o(i.HAL_InitTick) refers to system_stm32f1xx.o(.data) for SystemCoreClock
    stm32f1xx_hal.o(i.HAL_SetTickFreq) refers to stm32f1xx_hal.o(i.HAL_InitTick) for HAL_InitTick
[...]
    lib_rtti_impl.o(.constdata__ZTIN10__cxxabiv119__pointer_type_infoE) refers to lib_rtti_impl.o(.constdata__ZTIN10__cxxabiv117__pbase_type_infoE) for typeinfo for __cxxabiv1::__pbase_type_info
    lib_rtti_impl.o(.constdata__ZTIN10__cxxabiv129__pointer_to_member_type_infoE) refers to lib_rtti_impl.o(.constdata__ZTVN10__cxxabiv120__si_class_type_infoE) for vtable for __cxxabiv1::__si_class_type_info
    lib_rtti_impl.o(.constdata__ZTIN10__cxxabiv129__pointer_to_member_type_infoE) refers to lib_rtti_impl.o(.constdata__ZTSN10__cxxabiv129__pointer_to_member_type_infoE) for typeinfo name for __cxxabiv1::__pointer_to_member_type_info
    lib_rtti_impl.o(.constdata__ZTIN10__cxxabiv129__pointer_to_member_type_infoE) refers to lib_rtti_impl.o(.constdata__ZTIN10__cxxabiv117__pbase_type_infoE) for typeinfo for __cxxabiv1::__pbase_type_info
    lib_rtti_impl.o(i.__ARM_common_noexcept_landing) refers to arm_exceptions_callterm.o(.text) for __cxa_call_terminate
    lib_rtti_impl.o(.ARM.exidx) refers to lib_rtti_impl.o(i.__ARM_common_noexcept_landing) for i.__ARM_common_noexcept_landing
    type_info_dtor.o(.constdata__ZTVSt9type_info) refers to type_info_dtor.o(.constdata__ZTISt9type_info) for typeinfo for std::type_info
    type_info_dtor.o(.constdata__ZTVSt9type_info) refers to type_info_dtor.o(i._ZNSt9type_infoD1Ev) for std::type_info::~type_info()
    type_info_dtor.o(.constdata__ZTVSt9type_info) refers to type_info_dtor.o(i._ZNSt9type_infoD0Ev) for std::type_info::~type_info__deallocating()
    type_info_dtor.o(.constdata__ZTISt9type_info) refers to lib_rtti_impl.o(.constdata__ZTVN10__cxxabiv117__class_type_infoE) for vtable for __cxxabiv1::__class_type_info
    type_info_dtor.o(.constdata__ZTISt9type_info) refers to type_info_dtor.o(.constdata__ZTSSt9type_info) for typeinfo name for std::type_info


==============================================================================

Removing Unused input sections from the image.

    Removing startup_stm32f103xb.o(HEAP), (512 bytes).
    Removing system_stm32f1xx.o(.rev16_text), (4 bytes).
    Removing system_stm32f1xx.o(.revsh_text), (4 bytes).
    Removing system_stm32f1xx.o(.rrx_text), (6 bytes).
    Removing system_stm32f1xx.o(i.SystemCoreClockUpdate), (104 bytes).
    Removing system_stm32f1xx.o(.ARM.exidx), (8 bytes).
    Removing system_stm32f1xx.o(.ARM.exidx), (8 bytes).
    Removing system_stm32f1xx.o(.constdata), (8 bytes).
    Removing stm32f1xx_hal_rcc_ex.o(.rev16_text), (4 bytes).
    Removing stm32f1xx_hal_rcc_ex.o(.revsh_text), (4 bytes).
    Removing stm32f1xx_hal_rcc_ex.o(.rrx_text), (6 bytes).
    Removing stm32f1xx_hal_rcc_ex.o(i.HAL_RCCEx_GetPeriphCLKConfig), (44 bytes).
    Removing stm32f1xx_hal_rcc_ex.o(i.HAL_RCCEx_GetPeriphCLKFreq), (196 bytes).
    Removing stm32f1xx_hal_rcc_ex.o(i.HAL_RCCEx_PeriphCLKConfig), (232 bytes).
    Removing stm32f1xx_hal_rcc_ex.o(.ARM.exidx), (8 bytes).
    Removing stm32f1xx_hal_rcc_ex.o(.ARM.exidx), (8 bytes).
    Removing stm32f1xx_hal_rcc_ex.o(.ARM.exidx), (8 bytes).
    Removing stm32f1xx_hal_gpio.o(.rev16_text), (4 bytes).
    Removing stm32f1xx_hal_gpio.o(.revsh_text), (4 bytes).
    Removing stm32f1xx_hal_gpio.o(.rrx_text), (6 bytes).
    Removing stm32f1xx_hal_gpio.o(i.HAL_GPIO_DeInit), (228 bytes).
    Removing stm32f1xx_hal_gpio.o(i.HAL_GPIO_EXTI_Callback), (2 bytes).
    Removing stm32f1xx_hal_gpio.o(i.HAL_GPIO_EXTI_IRQHandler), (24 bytes).
    Removing stm32f1xx_hal_gpio.o(i.HAL_GPIO_LockPin), (34 bytes).
    Removing stm32f1xx_hal_gpio.o(i.HAL_GPIO_ReadPin), (10 bytes).
    Removing stm32f1xx_hal_gpio.o(i.HAL_GPIO_TogglePin), (8 bytes).
    Removing stm32f1xx_hal_gpio.o(.ARM.exidx), (8 bytes).
    Removing stm32f1xx_hal_gpio.o(.ARM.exidx), (8 bytes).
    Removing stm32f1xx_hal_gpio.o(.ARM.exidx), (8 bytes).
    Removing stm32f1xx_hal_gpio.o(.ARM.exidx), (8 bytes).
    Removing stm32f1xx_hal_gpio.o(.ARM.exidx), (8 bytes).
    Removing stm32f1xx_hal_gpio.o(.ARM.exidx), (8 bytes).
    Removing stm32f1xx_hal_gpio.o(.ARM.exidx), (8 bytes).
    Removing stm32f1xx_hal_gpio.o(.ARM.exidx), (8 bytes).
    Removing stm32f1xx_hal.o(.rev16_text), (4 bytes).
    Removing stm32f1xx_hal.o(.revsh_text), (4 bytes).
    Removing stm32f1xx_hal.o(.rrx_text), (6 bytes).
    Removing stm32f1xx_hal.o(i.HAL_DBGMCU_DisableDBGSleepMode), (16 bytes).
    Removing stm32f1xx_hal.o(i.HAL_DBGMCU_DisableDBGStandbyMode), (16 bytes).
    Removing stm32f1xx_hal.o(i.HAL_DBGMCU_DisableDBGStopMode), (16 bytes).
    Removing stm32f1xx_hal.o(i.HAL_DBGMCU_EnableDBGSleepMode), (16 bytes).
    Removing stm32f1xx_hal.o(i.HAL_DBGMCU_EnableDBGStandbyMode), (16 bytes).
    Removing stm32f1xx_hal.o(i.HAL_DBGMCU_EnableDBGStopMode), (16 bytes).
    Removing stm32f1xx_hal.o(i.HAL_DeInit), (32 bytes).
    Removing stm32f1xx_hal.o(i.HAL_GetDEVID), (16 bytes).
    Removing stm32f1xx_hal.o(i.HAL_GetHalVersion), (8 bytes).
    Removing stm32f1xx_hal.o(i.HAL_GetREVID), (12 bytes).
    Removing stm32f1xx_hal.o(i.HAL_GetTickFreq), (12 bytes).
    Removing stm32f1xx_hal.o(i.HAL_GetTickPrio), (12 bytes).
    Removing stm32f1xx_hal.o(i.HAL_GetUID), (28 bytes).
    Removing stm32f1xx_hal.o(i.HAL_MspDeInit), (2 bytes).
    Removing stm32f1xx_hal.o(i.HAL_MspInit), (2 bytes).
    Removing stm32f1xx_hal.o(i.HAL_ResumeTick), (14 bytes).
    Removing stm32f1xx_hal.o(i.HAL_SetTickFreq), (28 bytes).
    Removing stm32f1xx_hal.o(i.HAL_SuspendTick), (14 bytes).
    Removing stm32f1xx_hal.o(.ARM.exidx), (8 bytes).
    Removing stm32f1xx_hal.o(.ARM.exidx), (8 bytes).
    Removing stm32f1xx_hal.o(.ARM.exidx), (8 bytes).
    Removing stm32f1xx_hal.o(.ARM.exidx), (8 bytes).
    Removing stm32f1xx_hal.o(.ARM.exidx), (8 bytes).
    Removing stm32f1xx_hal.o(.ARM.exidx), (8 bytes).
    Removing stm32f1xx_hal.o(.ARM.exidx), (8 bytes).
    Removing stm32f1xx_hal.o(.ARM.exidx), (8 bytes).
    Removing stm32f1xx_hal.o(.ARM.exidx), (8 bytes).
    Removing stm32f1xx_hal.o(.ARM.exidx), (8 bytes).
    Removing stm32f1xx_hal.o(.ARM.exidx), (8 bytes).
    Removing stm32f1xx_hal.o(.ARM.exidx), (8 bytes).
    Removing stm32f1xx_hal.o(.ARM.exidx), (8 bytes).
    Removing stm32f1xx_hal.o(.ARM.exidx), (8 bytes).
    Removing stm32f1xx_hal.o(.ARM.exidx), (8 bytes).
    Removing stm32f1xx_hal.o(.ARM.exidx), (8 bytes).
    Removing stm32f1xx_hal.o(.ARM.exidx), (8 bytes).
    Removing stm32f1xx_hal.o(.ARM.exidx), (8 bytes).
    Removing stm32f1xx_hal.o(.ARM.exidx), (8 bytes).
    Removing stm32f1xx_hal.o(.ARM.exidx), (8 bytes).
    Removing stm32f1xx_hal.o(.ARM.exidx), (8 bytes).
    Removing stm32f1xx_hal.o(.ARM.exidx), (8 bytes).
    Removing stm32f1xx_hal.o(.ARM.exidx), (8 bytes).
    Removing stm32f1xx_hal_flash.o(.rev16_text), (4 bytes).
    Removing stm32f1xx_hal_flash.o(.revsh_text), (4 bytes).
    Removing stm32f1xx_hal_flash.o(.rrx_text), (6 bytes).
    Removing stm32f1xx_hal_flash.o(i.FLASH_WaitForLastOperation), (84 bytes).
    Removing stm32f1xx_hal_flash.o(i.HAL_FLASH_EndOfOperationCallback), (2 bytes).
    Removing stm32f1xx_hal_flash.o(i.HAL_FLASH_GetError), (12 bytes).
    Removing stm32f1xx_hal_flash.o(i.HAL_FLASH_IRQHandler), (264 bytes).
    Removing stm32f1xx_hal_flash.o(i.HAL_FLASH_Lock), (20 bytes).
    Removing stm32f1xx_hal_flash.o(i.HAL_FLASH_OB_Launch), (4 bytes).
    Removing stm32f1xx_hal_flash.o(i.HAL_FLASH_OB_Lock), (20 bytes).
    Removing stm32f1xx_hal_flash.o(i.HAL_FLASH_OB_Unlock), (36 bytes).
    Removing stm32f1xx_hal_flash.o(i.HAL_FLASH_OperationErrorCallback), (2 bytes).
    Removing stm32f1xx_hal_flash.o(i.HAL_FLASH_Program), (132 bytes).
    Removing stm32f1xx_hal_flash.o(i.HAL_FLASH_Program_IT), (96 bytes).
    Removing stm32f1xx_hal_flash.o(i.HAL_FLASH_Unlock), (40 bytes).
    Removing stm32f1xx_hal_flash.o(i._ZN43_INTERNAL_21_stm32f1xx_hal_flash_c_48aa8f3e18FLASH_SetErrorCodeEv), (92 bytes).
    Removing stm32f1xx_hal_flash.o(i._ZN43_INTERNAL_21_stm32f1xx_hal_flash_c_48aa8f3e22FLASH_Program_HalfWordEjt), (28 bytes).
    Removing stm32f1xx_hal_flash.o(.ARM.exidx), (8 bytes).
    Removing stm32f1xx_hal_flash.o(.ARM.exidx), (8 bytes).
    Removing stm32f1xx_hal_flash.o(.ARM.exidx), (8 bytes).
    Removing stm32f1xx_hal_flash.o(.ARM.exidx), (8 bytes).
    Removing stm32f1xx_hal_flash.o(.ARM.exidx), (8 bytes).
    Removing stm32f1xx_hal_flash.o(.ARM.exidx), (8 bytes).
    Removing stm32f1xx_hal_flash.o(.ARM.exidx), (8 bytes).
    Removing stm32f1xx_hal_flash.o(.ARM.exidx), (8 bytes).
    Removing stm32f1xx_hal_flash.o(.ARM.exidx), (8 bytes).
    Removing stm32f1xx_hal_flash.o(.ARM.exidx), (8 bytes).
    Removing stm32f1xx_hal_flash.o(.ARM.exidx), (8 bytes).
    Removing stm32f1xx_hal_flash.o(.ARM.exidx), (8 bytes).
    Removing stm32f1xx_hal_flash.o(.ARM.exidx), (8 bytes).
    Removing stm32f1xx_hal_flash.o(.ARM.exidx), (8 bytes).
    Removing stm32f1xx_hal_flash.o(.bss), (32 bytes).
    Removing stm32f1xx_hal_flash_ex.o(.rev16_text), (4 bytes).
    Removing stm32f1xx_hal_flash_ex.o(.revsh_text), (4 bytes).
    Removing stm32f1xx_hal_flash_ex.o(.rrx_text), (6 bytes).
    Removing stm32f1xx_hal_flash_ex.o(i.HAL_FLASHEx_Erase), (168 bytes).
    Removing stm32f1xx_hal_flash_ex.o(i.HAL_FLASHEx_Erase_IT), (84 bytes).
    Removing stm32f1xx_hal_flash_ex.o(i.HAL_FLASHEx_OBErase), (84 bytes).
    Removing stm32f1xx_hal_flash_ex.o(i.HAL_FLASHEx_OBGetConfig), (36 bytes).
    Removing stm32f1xx_hal_flash_ex.o(i.HAL_FLASHEx_OBGetUserData), (32 bytes).
    Removing stm32f1xx_hal_flash_ex.o(i.HAL_FLASHEx_OBProgram), (200 bytes).
    Removing stm32f1xx_hal_flash_ex.o(i._Z15FLASH_PageErasej), (36 bytes).
    Removing stm32f1xx_hal_flash_ex.o(i._ZN46_INTERNAL_24_stm32f1xx_hal_flash_ex_c_6648b60e15FLASH_MassEraseEj), (36 bytes).
    Removing stm32f1xx_hal_flash_ex.o(i._ZN46_INTERNAL_24_stm32f1xx_hal_flash_ex_c_6648b60e15FLASH_OB_GetRDPEv), (24 bytes).
    Removing stm32f1xx_hal_flash_ex.o(i._ZN46_INTERNAL_24_stm32f1xx_hal_flash_ex_c_6648b60e18FLASH_OB_EnableWRPEj), (176 bytes).
    Removing stm32f1xx_hal_flash_ex.o(i._ZN46_INTERNAL_24_stm32f1xx_hal_flash_ex_c_6648b60e19FLASH_OB_DisableWRPEj), (176 bytes).
    Removing stm32f1xx_hal_flash_ex.o(i._ZN46_INTERNAL_24_stm32f1xx_hal_flash_ex_c_6648b60e24FLASH_OB_RDP_LevelConfigEh), (100 bytes).
    Removing stm32f1xx_hal_flash_ex.o(.ARM.exidx), (8 bytes).
    Removing stm32f1xx_hal_flash_ex.o(.ARM.exidx), (8 bytes).
    Removing stm32f1xx_hal_flash_ex.o(.ARM.exidx), (8 bytes).
    Removing stm32f1xx_hal_flash_ex.o(.ARM.exidx), (8 bytes).
    Removing stm32f1xx_hal_flash_ex.o(.ARM.exidx), (8 bytes).
    Removing stm32f1xx_hal_flash_ex.o(.ARM.exidx), (8 bytes).
    Removing stm32f1xx_hal_flash_ex.o(.ARM.exidx), (8 bytes).
    Removing stm32f1xx_hal_flash_ex.o(.ARM.exidx), (8 bytes).
    Removing stm32f1xx_hal_flash_ex.o(.ARM.exidx), (8 bytes).
    Removing stm32f1xx_hal_flash_ex.o(.ARM.exidx), (8 bytes).
    Removing stm32f1xx_hal_flash_ex.o(.ARM.exidx), (8 bytes).
    Removing stm32f1xx_hal_flash_ex.o(.ARM.exidx), (8 bytes).
    Removing stm32f1xx_hal_spi_ex.o(.rev16_text), (4 bytes).
    Removing stm32f1xx_hal_spi_ex.o(.revsh_text), (4 bytes).
    Removing stm32f1xx_hal_spi_ex.o(.rrx_text), (6 bytes).
    Removing stm32f1xx_hal_spi_ex.o(.ARM.exidx), (8 bytes).
    Removing stm32f1xx_hal_gpio_ex.o(.rev16_text), (4 bytes).
    Removing stm32f1xx_hal_gpio_ex.o(.revsh_text), (4 bytes).
    Removing stm32f1xx_hal_gpio_ex.o(.rrx_text), (6 bytes).
    Removing stm32f1xx_hal_gpio_ex.o(i.HAL_GPIOEx_ConfigEventout), (20 bytes).
    Removing stm32f1xx_hal_gpio_ex.o(i.HAL_GPIOEx_DisableEventout), (16 bytes).
    Removing stm32f1xx_hal_gpio_ex.o(i.HAL_GPIOEx_EnableEventout), (16 bytes).
    Removing stm32f1xx_hal_gpio_ex.o(.ARM.exidx), (8 bytes).
    Removing stm32f1xx_hal_gpio_ex.o(.ARM.exidx), (8 bytes).
    Removing stm32f1xx_hal_gpio_ex.o(.ARM.exidx), (8 bytes).
    Removing stm32f1xx_hal_cortex.o(.rev16_text), (4 bytes).
    Removing stm32f1xx_hal_cortex.o(.revsh_text), (4 bytes).
    Removing stm32f1xx_hal_cortex.o(.rrx_text), (6 bytes).
    Removing stm32f1xx_hal_cortex.o(i.HAL_NVIC_ClearPendingIRQ), (22 bytes).
    Removing stm32f1xx_hal_cortex.o(i.HAL_NVIC_DisableIRQ), (22 bytes).
    Removing stm32f1xx_hal_cortex.o(i.HAL_NVIC_EnableIRQ), (22 bytes).
    Removing stm32f1xx_hal_cortex.o(i.HAL_NVIC_GetActive), (32 bytes).
    Removing stm32f1xx_hal_cortex.o(i.HAL_NVIC_GetPendingIRQ), (32 bytes).
    Removing stm32f1xx_hal_cortex.o(i.HAL_NVIC_GetPriority), (84 bytes).
    Removing stm32f1xx_hal_cortex.o(i.HAL_NVIC_GetPriorityGrouping), (16 bytes).
    Removing stm32f1xx_hal_cortex.o(i.HAL_NVIC_SetPendingIRQ), (22 bytes).
    Removing stm32f1xx_hal_cortex.o(i.HAL_NVIC_SystemReset), (36 bytes).
    Removing stm32f1xx_hal_cortex.o(.ARM.exidx), (8 bytes).
    Removing stm32f1xx_hal_cortex.o(.ARM.exidx), (8 bytes).
    Removing stm32f1xx_hal_cortex.o(.ARM.exidx), (8 bytes).
    Removing stm32f1xx_hal_cortex.o(.ARM.exidx), (8 bytes).
    Removing stm32f1xx_hal_cortex.o(.ARM.exidx), (8 bytes).
    Removing stm32f1xx_hal_cortex.o(.ARM.exidx), (8 bytes).
    Removing stm32f1xx_hal_cortex.o(.ARM.exidx), (8 bytes).
    Removing stm32f1xx_hal_cortex.o(.ARM.exidx), (8 bytes).
    Removing stm32f1xx_hal_cortex.o(.ARM.exidx), (8 bytes).
    Removing stm32f1xx_hal_cortex.o(.ARM.exidx), (8 bytes).
    Removing stm32f1xx_hal_cortex.o(.ARM.exidx), (8 bytes).
    Removing stm32f1xx_hal_cortex.o(.ARM.exidx), (8 bytes).
    Removing stm32f1xx_hal_cortex.o(.ARM.exidx), (8 bytes).
    Removing stm32f1xx_hal_cortex.o(.ARM.exidx), (8 bytes).
    Removing stm32f1xx_hal_cortex.o(.ARM.exidx), (8 bytes).
    Removing stm32f1xx_hal_cortex.o(.ARM.exidx), (8 bytes).
    Removing stm32f1xx_hal_rcc.o(.rev16_text), (4 bytes).
    Removing stm32f1xx_hal_rcc.o(.revsh_text), (4 bytes).
    Removing stm32f1xx_hal_rcc.o(.rrx_text), (6 bytes).
    Removing stm32f1xx_hal_rcc.o(i.HAL_RCC_CSSCallback), (2 bytes).
    Removing stm32f1xx_hal_rcc.o(i.HAL_RCC_DeInit), (208 bytes).
    Removing stm32f1xx_hal_rcc.o(i.HAL_RCC_DisableCSS), (12 bytes).
    Removing stm32f1xx_hal_rcc.o(i.HAL_RCC_EnableCSS), (12 bytes).
    Removing stm32f1xx_hal_rcc.o(i.HAL_RCC_GetClockConfig), (64 bytes).
    Removing stm32f1xx_hal_rcc.o(i.HAL_RCC_GetOscConfig), (144 bytes).
    Removing stm32f1xx_hal_rcc.o(i.HAL_RCC_GetPCLK1Freq), (32 bytes).
    Removing stm32f1xx_hal_rcc.o(i.HAL_RCC_GetPCLK2Freq), (32 bytes).
    Removing stm32f1xx_hal_rcc.o(i.HAL_RCC_MCOConfig), (72 bytes).
    Removing stm32f1xx_hal_rcc.o(i.HAL_RCC_NMI_IRQHandler), (24 bytes).
    Removing stm32f1xx_hal_rcc.o(.ARM.exidx), (8 bytes).
    Removing stm32f1xx_hal_rcc.o(.ARM.exidx), (8 bytes).
    Removing stm32f1xx_hal_rcc.o(.ARM.exidx), (8 bytes).
    Removing stm32f1xx_hal_rcc.o(.ARM.exidx), (8 bytes).
    Removing stm32f1xx_hal_rcc.o(.ARM.exidx), (8 bytes).
    Removing stm32f1xx_hal_rcc.o(.ARM.exidx), (8 bytes).
    Removing stm32f1xx_hal_rcc.o(.ARM.exidx), (8 bytes).
    Removing stm32f1xx_hal_rcc.o(.ARM.exidx), (8 bytes).
    Removing stm32f1xx_hal_rcc.o(.ARM.exidx), (8 bytes).
    Removing stm32f1xx_hal_rcc.o(.ARM.exidx), (8 bytes).
    Removing stm32f1xx_hal_rcc.o(.ARM.exidx), (8 bytes).
    Removing stm32f1xx_hal_rcc.o(.ARM.exidx), (8 bytes).
    Removing stm32f1xx_hal_rcc.o(.ARM.exidx), (8 bytes).
    Removing stm32f1xx_hal_rcc.o(.ARM.exidx), (8 bytes).
    Removing stm32f1xx_hal_tim_ex.o(.rev16_text), (4 bytes).
    Removing stm32f1xx_hal_tim_ex.o(.revsh_text), (4 bytes).
    Removing stm32f1xx_hal_tim_ex.o(.rrx_text), (6 bytes).
    Removing stm32f1xx_hal_tim.o(.rev16_text), (4 bytes).
    Removing stm32f1xx_hal_tim.o(.revsh_text), (4 bytes).
    Removing stm32f1xx_hal_tim.o(.rrx_text), (6 bytes).
    Removing stm32f1xx_hal_pwr.o(.rev16_text), (4 bytes).
    Removing stm32f1xx_hal_pwr.o(.revsh_text), (4 bytes).
    Removing stm32f1xx_hal_pwr.o(.rrx_text), (6 bytes).
    Removing stm32f1xx_hal_pwr.o(i.HAL_PWR_ConfigPVD), (124 bytes).
    Removing stm32f1xx_hal_pwr.o(i.HAL_PWR_DeInit), (24 bytes).
    Removing stm32f1xx_hal_pwr.o(i.HAL_PWR_DisableBkUpAccess), (12 bytes).
    Removing stm32f1xx_hal_pwr.o(i.HAL_PWR_DisablePVD), (12 bytes).
    Removing stm32f1xx_hal_pwr.o(i.HAL_PWR_DisableSEVOnPend), (16 bytes).
    Removing stm32f1xx_hal_pwr.o(i.HAL_PWR_DisableSleepOnExit), (16 bytes).
    Removing stm32f1xx_hal_pwr.o(i.HAL_PWR_DisableWakeUpPin), (28 bytes).
    Removing stm32f1xx_hal_pwr.o(i.HAL_PWR_EnableBkUpAccess), (12 bytes).
    Removing stm32f1xx_hal_pwr.o(i.HAL_PWR_EnablePVD), (12 bytes).
    Removing stm32f1xx_hal_pwr.o(i.HAL_PWR_EnableSEVOnPend), (16 bytes).
    Removing stm32f1xx_hal_pwr.o(i.HAL_PWR_EnableSleepOnExit), (16 bytes).
    Removing stm32f1xx_hal_pwr.o(i.HAL_PWR_EnableWakeUpPin), (28 bytes).
    Removing stm32f1xx_hal_pwr.o(i.HAL_PWR_EnterSLEEPMode), (32 bytes).
    Removing stm32f1xx_hal_pwr.o(i.HAL_PWR_EnterSTANDBYMode), (32 bytes).
    Removing stm32f1xx_hal_pwr.o(i.HAL_PWR_EnterSTOPMode), (68 bytes).
    Removing stm32f1xx_hal_pwr.o(i.HAL_PWR_PVDCallback), (2 bytes).
    Removing stm32f1xx_hal_pwr.o(i.HAL_PWR_PVD_IRQHandler), (28 bytes).
    Removing stm32f1xx_hal_pwr.o(i._ZN41_INTERNAL_19_stm32f1xx_hal_pwr_c_f2cfe8be15PWR_OverloadWfeEv), (6 bytes).
    Removing stm32f1xx_hal_pwr.o(.ARM.exidx), (8 bytes).
    Removing stm32f1xx_hal_pwr.o(.ARM.exidx), (8 bytes).
    Removing stm32f1xx_hal_pwr.o(.ARM.exidx), (8 bytes).
    Removing stm32f1xx_hal_pwr.o(.ARM.exidx), (8 bytes).
    Removing stm32f1xx_hal_pwr.o(.ARM.exidx), (8 bytes).
    Removing stm32f1xx_hal_pwr.o(.ARM.exidx), (8 bytes).
    Removing stm32f1xx_hal_pwr.o(.ARM.exidx), (8 bytes).
    Removing stm32f1xx_hal_pwr.o(.ARM.exidx), (8 bytes).
    Removing stm32f1xx_hal_pwr.o(.ARM.exidx), (8 bytes).
    Removing stm32f1xx_hal_pwr.o(.ARM.exidx), (8 bytes).
    Removing stm32f1xx_hal_pwr.o(.ARM.exidx), (8 bytes).
    Removing stm32f1xx_hal_pwr.o(.ARM.exidx), (8 bytes).
    Removing stm32f1xx_hal_pwr.o(.ARM.exidx), (8 bytes).
    Removing stm32f1xx_hal_pwr.o(.ARM.exidx), (8 bytes).
    Removing stm32f1xx_hal_pwr.o(.ARM.exidx), (8 bytes).
    Removing stm32f1xx_hal_pwr.o(.ARM.exidx), (8 bytes).
    Removing stm32f1xx_hal_pwr.o(.ARM.exidx), (8 bytes).
    Removing stm32f1xx_hal_pwr.o(.ARM.exidx), (8 bytes).
    Removing stm32f1xx_hal_spi.o(.rev16_text), (4 bytes).
    Removing stm32f1xx_hal_spi.o(.revsh_text), (4 bytes).
    Removing stm32f1xx_hal_spi.o(.rrx_text), (6 bytes).
    Removing stm32f1xx_hal_spi.o(i.HAL_SPI_Abort), (188 bytes).
    Removing stm32f1xx_hal_spi.o(i.HAL_SPI_AbortCpltCallback), (2 bytes).
    Removing stm32f1xx_hal_spi.o(i.HAL_SPI_Abort_IT), (228 bytes).
    Removing stm32f1xx_hal_spi.o(i.HAL_SPI_DMAPause), (38 bytes).
    Removing stm32f1xx_hal_spi.o(i.HAL_SPI_DMAResume), (38 bytes).
    Removing stm32f1xx_hal_spi.o(i.HAL_SPI_DMAStop), (40 bytes).
    Removing stm32f1xx_hal_spi.o(i.HAL_SPI_DeInit), (46 bytes).
    Removing stm32f1xx_hal_spi.o(i.HAL_SPI_ErrorCallback), (2 bytes).
    Removing stm32f1xx_hal_spi.o(i.HAL_SPI_GetError), (4 bytes).
    Removing stm32f1xx_hal_spi.o(i.HAL_SPI_GetState), (6 bytes).
    Removing stm32f1xx_hal_spi.o(i.HAL_SPI_IRQHandler), (196 bytes).
    Removing stm32f1xx_hal_spi.o(i.HAL_SPI_Init), (128 bytes).
    Removing stm32f1xx_hal_spi.o(i.HAL_SPI_MspDeInit), (2 bytes).
    Removing stm32f1xx_hal_spi.o(i.HAL_SPI_MspInit), (2 bytes).
    Removing stm32f1xx_hal_spi.o(i.HAL_SPI_Receive), (328 bytes).
    Removing stm32f1xx_hal_spi.o(i.HAL_SPI_Receive_DMA), (212 bytes).
    Removing stm32f1xx_hal_spi.o(i.HAL_SPI_Receive_IT), (164 bytes).
    Removing stm32f1xx_hal_spi.o(i.HAL_SPI_RxCpltCallback), (2 bytes).
    Removing stm32f1xx_hal_spi.o(i.HAL_SPI_RxHalfCpltCallback), (2 bytes).
    Removing stm32f1xx_hal_spi.o(i.HAL_SPI_TransmitReceive), (458 bytes).
    Removing stm32f1xx_hal_spi.o(i.HAL_SPI_TransmitReceive_DMA), (264 bytes).
    Removing stm32f1xx_hal_spi.o(i.HAL_SPI_TransmitReceive_IT), (164 bytes).
    Removing stm32f1xx_hal_spi.o(i.HAL_SPI_Transmit_DMA), (184 bytes).
    Removing stm32f1xx_hal_spi.o(i.HAL_SPI_Transmit_IT), (152 bytes).
    Removing stm32f1xx_hal_spi.o(i.HAL_SPI_TxCpltCallback), (2 bytes).
    Removing stm32f1xx_hal_spi.o(i.HAL_SPI_TxHalfCpltCallback), (2 bytes).
    Removing stm32f1xx_hal_spi.o(i.HAL_SPI_TxRxCpltCallback), (2 bytes).
    Removing stm32f1xx_hal_spi.o(i.HAL_SPI_TxRxHalfCpltCallback), (2 bytes).
    Removing stm32f1xx_hal_spi.o(i.SPI_ISCRCErrorValid), (4 bytes).
    Removing stm32f1xx_hal_spi.o(i._ZN41_INTERNAL_19_stm32f1xx_hal_spi_c_5e7b22bd12SPI_DMAErrorEP19__DMA_HandleTypeDef), (34 bytes).
    Removing stm32f1xx_hal_spi.o(i._ZN41_INTERNAL_19_stm32f1xx_hal_spi_c_5e7b22bd14SPI_RxISR_8BITEP19__SPI_HandleTypeDef), (30 bytes).
    Removing stm32f1xx_hal_spi.o(i._ZN41_INTERNAL_19_stm32f1xx_hal_spi_c_5e7b22bd14SPI_TxISR_8BITEP19__SPI_HandleTypeDef), (30 bytes).
    Removing stm32f1xx_hal_spi.o(i._ZN41_INTERNAL_19_stm32f1xx_hal_spi_c_5e7b22bd15SPI_AbortRx_ISREP19__SPI_HandleTypeDef), (80 bytes).
    Removing stm32f1xx_hal_spi.o(i._ZN41_INTERNAL_19_stm32f1xx_hal_spi_c_5e7b22bd15SPI_AbortTx_ISREP19__SPI_HandleTypeDef), (22 bytes).
    Removing stm32f1xx_hal_spi.o(i._ZN41_INTERNAL_19_stm32f1xx_hal_spi_c_5e7b22bd15SPI_CloseRx_ISREP19__SPI_HandleTypeDef), (78 bytes).
    Removing stm32f1xx_hal_spi.o(i._ZN41_INTERNAL_19_stm32f1xx_hal_spi_c_5e7b22bd15SPI_CloseTx_ISREP19__SPI_HandleTypeDef), (124 bytes).
    Removing stm32f1xx_hal_spi.o(i._ZN41_INTERNAL_19_stm32f1xx_hal_spi_c_5e7b22bd15SPI_RxISR_16BITEP19__SPI_HandleTypeDef), (32 bytes).
    Removing stm32f1xx_hal_spi.o(i._ZN41_INTERNAL_19_stm32f1xx_hal_spi_c_5e7b22bd15SPI_TxISR_16BITEP19__SPI_HandleTypeDef), (32 bytes).
    Removing stm32f1xx_hal_spi.o(i._ZN41_INTERNAL_19_stm32f1xx_hal_spi_c_5e7b22bd17SPI_CloseRxTx_ISREP19__SPI_HandleTypeDef), (144 bytes).
    Removing stm32f1xx_hal_spi.o(i._ZN41_INTERNAL_19_stm32f1xx_hal_spi_c_5e7b22bd18SPI_DMAReceiveCpltEP19__DMA_HandleTypeDef), (82 bytes).
    Removing stm32f1xx_hal_spi.o(i._ZN41_INTERNAL_19_stm32f1xx_hal_spi_c_5e7b22bd19SPI_DMAAbortOnErrorEP19__DMA_HandleTypeDef), (16 bytes).
    Removing stm32f1xx_hal_spi.o(i._ZN41_INTERNAL_19_stm32f1xx_hal_spi_c_5e7b22bd19SPI_DMATransmitCpltEP19__DMA_HandleTypeDef), (90 bytes).
    Removing stm32f1xx_hal_spi.o(i._ZN41_INTERNAL_19_stm32f1xx_hal_spi_c_5e7b22bd20SPI_2linesRxISR_8BITEP19__SPI_HandleTypeDef), (46 bytes).
    Removing stm32f1xx_hal_spi.o(i._ZN41_INTERNAL_19_stm32f1xx_hal_spi_c_5e7b22bd20SPI_2linesTxISR_8BITEP19__SPI_HandleTypeDef), (46 bytes).
    Removing stm32f1xx_hal_spi.o(i._ZN41_INTERNAL_19_stm32f1xx_hal_spi_c_5e7b22bd21SPI_2linesRxISR_16BITEP19__SPI_HandleTypeDef), (48 bytes).
    Removing stm32f1xx_hal_spi.o(i._ZN41_INTERNAL_19_stm32f1xx_hal_spi_c_5e7b22bd21SPI_2linesTxISR_16BITEP19__SPI_HandleTypeDef), (48 bytes).
    Removing stm32f1xx_hal_spi.o(i._ZN41_INTERNAL_19_stm32f1xx_hal_spi_c_5e7b22bd22SPI_DMAHalfReceiveCpltEP19__DMA_HandleTypeDef), (10 bytes).
    Removing stm32f1xx_hal_spi.o(i._ZN41_INTERNAL_19_stm32f1xx_hal_spi_c_5e7b22bd22SPI_DMARxAbortCallbackEP19__DMA_HandleTypeDef), (66 bytes).
    Removing stm32f1xx_hal_spi.o(i._ZN41_INTERNAL_19_stm32f1xx_hal_spi_c_5e7b22bd22SPI_DMATxAbortCallbackEP19__DMA_HandleTypeDef), (96 bytes).
    Removing stm32f1xx_hal_spi.o(i._ZN41_INTERNAL_19_stm32f1xx_hal_spi_c_5e7b22bd23SPI_DMAHalfTransmitCpltEP19__DMA_HandleTypeDef), (10 bytes).
    Removing stm32f1xx_hal_spi.o(i._ZN41_INTERNAL_19_stm32f1xx_hal_spi_c_5e7b22bd26SPI_DMATransmitReceiveCpltEP19__DMA_HandleTypeDef), (80 bytes).
    Removing stm32f1xx_hal_spi.o(i._ZN41_INTERNAL_19_stm32f1xx_hal_spi_c_5e7b22bd30SPI_DMAHalfTransmitReceiveCpltEP19__DMA_HandleTypeDef), (10 bytes).
    Removing stm32f1xx_hal_spi.o(.ARM.exidx), (8 bytes).
    Removing stm32f1xx_hal_spi.o(.ARM.exidx), (8 bytes).
    Removing stm32f1xx_hal_spi.o(.ARM.exidx), (8 bytes).
    Removing stm32f1xx_hal_spi.o(.ARM.exidx), (8 bytes).
    Removing stm32f1xx_hal_spi.o(.ARM.exidx), (8 bytes).
    Removing stm32f1xx_hal_spi.o(.ARM.exidx), (8 bytes).
    Removing stm32f1xx_hal_spi.o(.ARM.exidx), (8 bytes).
    Removing stm32f1xx_hal_spi.o(.ARM.exidx), (8 bytes).
    Removing stm32f1xx_hal_spi.o(.ARM.exidx), (8 bytes).
    Removing stm32f1xx_hal_spi.o(.ARM.exidx), (8 bytes).
    Removing stm32f1xx_hal_spi.o(.ARM.exidx), (8 bytes).
    Removing stm32f1xx_hal_spi.o(.ARM.exidx), (8 bytes).
    Removing stm32f1xx_hal_spi.o(.ARM.exidx), (8 bytes).
    Removing stm32f1xx_hal_spi.o(.ARM.exidx), (8 bytes).
    Removing stm32f1xx_hal_spi.o(.ARM.exidx), (8 bytes).
    Removing stm32f1xx_hal_spi.o(.ARM.exidx), (8 bytes).
    Removing stm32f1xx_hal_spi.o(.ARM.exidx), (8 bytes).
    Removing stm32f1xx_hal_spi.o(.ARM.exidx), (8 bytes).
    Removing stm32f1xx_hal_spi.o(.ARM.exidx), (8 bytes).
    Removing stm32f1xx_hal_spi.o(.ARM.exidx), (8 bytes).
    Removing stm32f1xx_hal_spi.o(.ARM.exidx), (8 bytes).
    Removing stm32f1xx_hal_spi.o(.ARM.exidx), (8 bytes).
    Removing stm32f1xx_hal_spi.o(.ARM.exidx), (8 bytes).
    Removing stm32f1xx_hal_spi.o(.ARM.exidx), (8 bytes).
    Removing stm32f1xx_hal_spi.o(.ARM.exidx), (8 bytes).
    Removing stm32f1xx_hal_spi.o(.ARM.exidx), (8 bytes).
    Removing stm32f1xx_hal_spi.o(.ARM.exidx), (8 bytes).
    Removing stm32f1xx_hal_spi.o(.ARM.exidx), (8 bytes).
    Removing stm32f1xx_hal_spi.o(.ARM.exidx), (8 bytes).
    Removing stm32f1xx_hal_spi.o(.ARM.exidx), (8 bytes).
    Removing stm32f1xx_hal_spi.o(.ARM.exidx), (8 bytes).
    Removing stm32f1xx_hal_spi.o(.ARM.exidx), (8 bytes).
    Removing stm32f1xx_hal_spi.o(.ARM.exidx), (8 bytes).
    Removing stm32f1xx_hal_spi.o(.ARM.exidx), (8 bytes).
    Removing stm32f1xx_hal_spi.o(.ARM.exidx), (8 bytes).
    Removing stm32f1xx_hal_spi.o(.ARM.exidx), (8 bytes).
    Removing stm32f1xx_hal_spi.o(.ARM.exidx), (8 bytes).
    Removing stm32f1xx_hal_spi.o(.ARM.exidx), (8 bytes).
    Removing stm32f1xx_hal_spi.o(.ARM.exidx), (8 bytes).
    Removing stm32f1xx_hal_spi.o(.ARM.exidx), (8 bytes).
    Removing stm32f1xx_hal_spi.o(.ARM.exidx), (8 bytes).
    Removing stm32f1xx_hal_spi.o(.ARM.exidx), (8 bytes).
    Removing stm32f1xx_hal_spi.o(.ARM.exidx), (8 bytes).
    Removing stm32f1xx_hal_spi.o(.ARM.exidx), (8 bytes).
    Removing stm32f1xx_hal_spi.o(.ARM.exidx), (8 bytes).
    Removing stm32f1xx_hal_spi.o(.ARM.exidx), (8 bytes).
    Removing stm32f1xx_hal_spi.o(.ARM.exidx), (8 bytes).
    Removing stm32f1xx_hal_spi.o(.ARM.exidx), (8 bytes).
    Removing stm32f1xx_hal_spi.o(.ARM.exidx), (8 bytes).
    Removing stm32f1xx_hal_spi.o(.ARM.exidx), (8 bytes).
    Removing stm32f1xx_hal_spi.o(.ARM.exidx), (8 bytes).
    Removing stm32f1xx_hal_spi.o(.ARM.exidx), (8 bytes).
    Removing stm32f1xx_hal_spi.o(.ARM.exidx), (8 bytes).
    Removing stm32f1xx_hal_spi.o(.ARM.exidx), (8 bytes).
    Removing stm32f1xx_hal_spi.o(.ARM.exidx), (8 bytes).
    Removing stm32f1xx_hal_dma.o(.rev16_text), (4 bytes).
    Removing stm32f1xx_hal_dma.o(.revsh_text), (4 bytes).
    Removing stm32f1xx_hal_dma.o(.rrx_text), (6 bytes).
    Removing stm32f1xx_hal_dma.o(i.HAL_DMA_Abort), (48 bytes).
    Removing stm32f1xx_hal_dma.o(i.HAL_DMA_Abort_IT), (152 bytes).
    Removing stm32f1xx_hal_dma.o(i.HAL_DMA_DeInit), (84 bytes).
    Removing stm32f1xx_hal_dma.o(i.HAL_DMA_GetError), (4 bytes).
    Removing stm32f1xx_hal_dma.o(i.HAL_DMA_GetState), (6 bytes).
    Removing stm32f1xx_hal_dma.o(i.HAL_DMA_IRQHandler), (344 bytes).
    Removing stm32f1xx_hal_dma.o(i.HAL_DMA_Init), (100 bytes).
    Removing stm32f1xx_hal_dma.o(i.HAL_DMA_PollForTransfer), (540 bytes).
    Removing stm32f1xx_hal_dma.o(i.HAL_DMA_Start), (80 bytes).
    Removing stm32f1xx_hal_dma.o(i.HAL_DMA_Start_IT), (112 bytes).
    Removing stm32f1xx_hal_dma.o(i.HAL_DMA_UnRegisterCallback), (82 bytes).
    Removing stm32f1xx_hal_dma.o(i._Z24HAL_DMA_RegisterCallbackP19__DMA_HandleTypeDef25HAL_DMA_CallbackIDTypeDefPFvS0_E), (74 bytes).
    Removing stm32f1xx_hal_dma.o(i._ZN41_INTERNAL_19_stm32f1xx_hal_dma_c_c25f65ec13DMA_SetConfigEP19__DMA_HandleTypeDefjjj), (42 bytes).
    Removing stm32f1xx_hal_dma.o(.ARM.exidx), (8 bytes).
    Removing stm32f1xx_hal_dma.o(.ARM.exidx), (8 bytes).
    Removing stm32f1xx_hal_dma.o(.ARM.exidx), (8 bytes).
    Removing stm32f1xx_hal_dma.o(.ARM.exidx), (8 bytes).
    Removing stm32f1xx_hal_dma.o(.ARM.exidx), (8 bytes).
    Removing stm32f1xx_hal_dma.o(.ARM.exidx), (8 bytes).
    Removing stm32f1xx_hal_dma.o(.ARM.exidx), (8 bytes).
    Removing stm32f1xx_hal_dma.o(.ARM.exidx), (8 bytes).
    Removing stm32f1xx_hal_dma.o(.ARM.exidx), (8 bytes).
    Removing stm32f1xx_hal_dma.o(.ARM.exidx), (8 bytes).
    Removing stm32f1xx_hal_dma.o(.ARM.exidx), (8 bytes).
    Removing stm32f1xx_hal_dma.o(.ARM.exidx), (8 bytes).
    Removing stm32f1xx_hal_dma.o(.ARM.exidx), (8 bytes).
    Removing main.o(.rev16_text), (4 bytes).
    Removing main.o(.revsh_text), (4 bytes).
    Removing main.o(.rrx_text), (6 bytes).
    Removing main.o(.ARM.exidx), (8 bytes).
    Removing main.o(.ARM.exidx), (8 bytes).
    Removing main.o(.ARM.exidx), (8 bytes).
    Removing main.o(.ARM.exidx), (8 bytes).
    Removing main.o(.ARM.exidx), (8 bytes).
    Removing main.o(.ARM.exidx), (8 bytes).
    Removing main.o(.ARM.exidx), (8 bytes).
    Removing main.o(.ARM.exidx), (8 bytes).
    Removing main.o(.ARM.exidx), (8 bytes).
    Removing main.o(.ARM.exidx), (8 bytes).
    Removing main.o(.ARM.exidx), (8 bytes).
    Removing main.o(.ARM.exidx), (8 bytes).
    Removing main.o(.ARM.exidx), (8 bytes).
    Removing spi.o(.rev16_text), (4 bytes).
    Removing spi.o(.revsh_text), (4 bytes).
    Removing spi.o(.rrx_text), (6 bytes).
    Removing spi.o(i.HAL_SPI_MspDeInit), (40 bytes).
    Removing spi.o(.ARM.exidx), (8 bytes).
    Removing spi.o(.ARM.exidx), (8 bytes).
    Removing spi.o(.ARM.exidx), (8 bytes).
    Removing stm32f1xx_hal_msp.o(.rev16_text), (4 bytes).
    Removing stm32f1xx_hal_msp.o(.revsh_text), (4 bytes).
    Removing stm32f1xx_hal_msp.o(.rrx_text), (6 bytes).
    Removing stm32f1xx_hal_msp.o(.ARM.exidx), (8 bytes).
    Removing gpio.o(.rev16_text), (4 bytes).
    Removing gpio.o(.revsh_text), (4 bytes).
    Removing gpio.o(.rrx_text), (6 bytes).
    Removing gpio.o(i.SPI_GPIO_Init), (80 bytes).
    Removing gpio.o(.ARM.exidx), (8 bytes).
    Removing gpio.o(.ARM.exidx), (8 bytes).
    Removing stm32f1xx_it.o(.rev16_text), (4 bytes).
    Removing stm32f1xx_it.o(.revsh_text), (4 bytes).
    Removing stm32f1xx_it.o(.rrx_text), (6 bytes).
    Removing stm32f1xx_it.o(.ARM.exidx), (8 bytes).
    Removing stm32f1xx_it.o(.ARM.exidx), (8 bytes).
    Removing stm32f1xx_it.o(.ARM.exidx), (8 bytes).
    Removing stm32f1xx_it.o(.ARM.exidx), (8 bytes).
    Removing stm32f1xx_it.o(.ARM.exidx), (8 bytes).
    Removing stm32f1xx_it.o(.ARM.exidx), (8 bytes).
    Removing stm32f1xx_it.o(.ARM.exidx), (8 bytes).
    Removing stm32f1xx_it.o(.ARM.exidx), (8 bytes).
    Removing stm32f1xx_it.o(.ARM.exidx), (8 bytes).
    Removing oled_driver.o(.rev16_text), (4 bytes).
    Removing oled_driver.o(.revsh_text), (4 bytes).
    Removing oled_driver.o(.rrx_text), (6 bytes).
    Removing oled_driver.o(i._ZN11OLED_Driver10Fill_ColorEt), (60 bytes).
    Removing oled_driver.o(i._ZN11OLED_Driver6InvertEb), (12 bytes).
    Removing oled_driver.o(.ARM.exidx), (8 bytes).
    Removing oled_driver.o(.ARM.exidx), (8 bytes).
    Removing oled_driver.o(.ARM.exidx), (8 bytes).
    Removing oled_driver.o(.ARM.exidx), (8 bytes).
    Removing oled_driver.o(.ARM.exidx), (8 bytes).
    Removing oled_driver.o(.ARM.exidx), (8 bytes).
    Removing oled_driver.o(.ARM.exidx), (8 bytes).
    Removing oled_driver.o(.ARM.exidx), (8 bytes).
    Removing oled_driver.o(.ARM.exidx), (8 bytes).
    Removing oled_driver.o(.ARM.exidx), (8 bytes).
    Removing oled_driver.o(.ARM.exidx), (8 bytes).
    Removing oled_driver.o(.ARM.exidx), (8 bytes).
    Removing oled_driver.o(.ARM.exidx), (8 bytes).
    Removing oled_driver.o(.ARM.exidx), (8 bytes).
    Removing oled_driver.o(.ARM.exidx), (8 bytes).
    Removing oled_driver.o(.ARM.exidx), (8 bytes).
    Removing oled_driver.o(.ARM.exidx), (8 bytes).
    Removing oled_driver.o(.ARM.exidx), (8 bytes).
    Removing oled_driver.o(.ARM.exidx), (8 bytes).
    Removing oled_gfx.o(.rev16_text), (4 bytes).
    Removing oled_gfx.o(.revsh_text), (4 bytes).
    Removing oled_gfx.o(.rrx_text), (6 bytes).
    Removing oled_gfx.o(i._ZN8OLED_GFX12Set_FontSizeE9FONT_SIZE), (12 bytes).
    Removing oled_gfx.o(i._ZN8OLED_GFX18Set_TextCoordinateEhh), (12 bytes).
    Removing oled_gfx.o(.ARM.exidx), (8 bytes).
    Removing oled_gfx.o(.ARM.exidx), (8 bytes).
    Removing oled_gfx.o(.ARM.exidx), (8 bytes).
    Removing oled_gfx.o(.ARM.exidx), (8 bytes).
    Removing oled_gfx.o(.ARM.exidx), (8 bytes).
    Removing oled_gfx.o(.ARM.exidx), (8 bytes).
    Removing oled_gfx.o(.ARM.exidx), (8 bytes).
    Removing oled_gfx.o(.ARM.exidx), (8 bytes).
    Removing oled_gfx.o(.ARM.exidx), (8 bytes).
    Removing oled_gfx.o(.ARM.exidx), (8 bytes).
    Removing oled_gfx.o(.ARM.exidx), (8 bytes).
    Removing oled_gfx.o(.ARM.exidx), (8 bytes).
    Removing oled_gfx.o(.ARM.exidx), (8 bytes).
    Removing oled_gfx.o(.ARM.exidx), (8 bytes).
    Removing oled_gfx.o(.ARM.exidx), (8 bytes).
    Removing oled_gfx.o(.ARM.exidx), (8 bytes).
    Removing oled_gfx.o(.ARM.exidx), (8 bytes).
    Removing oled_gfx.o(.constdata__ZTI8OLED_GFX), (24 bytes).
    Removing oled_gfx.o(.constdata__ZTI11OLED_Driver), (8 bytes).
    Removing oled_gfx.o(.constdata__ZTS8OLED_GFX), (10 bytes).
    Removing oled_gfx.o(.constdata__ZTS11OLED_Driver), (14 bytes).

484 unused section(s) (total 13452 bytes) removed from the image.

==============================================================================

Image Symbol Table

    Local Symbols

    Symbol Name                              Value     Ov Type        Size  Object(Section)

    ../../../edgfe/lib_src/arm_exceptions.c  0x00000000   Number         0  arm_exceptions_callterm.o ABSOLUTE
    ../../../edgfe/lib_src/arm_exceptions.c  0x00000000   Number         0  arm_exceptions_terminate.o ABSOLUTE
    ../../../edgfe/lib_src/arm_exceptions.c  0x00000000   Number         0  arm_exceptions_mem.o ABSOLUTE
    ../../../edgfe/lib_src/arm_exceptions.c  0x00000000   Number         0  arm_exceptions_support.o ABSOLUTE
    ../../../edgfe/lib_src/arm_exceptions.c  0x00000000   Number         0  arm_exceptions_globs.o ABSOLUTE
    ../../../edgfe/lib_src/arm_noexceptions.c 0x00000000   Number         0  arm_begincatch_noexceptions.o ABSOLUTE
    ../../../edgfe/lib_src/typeinfo.c        0x00000000   Number         0  type_info_dtor.o ABSOLUTE
    ../../../edgfe/lib_src/typeinfo.c        0x00000000   Number         0  lib_rtti_impl.o ABSOLUTE
    ..//Src/system_stm32f1xx.c               0x00000000   Number         0  system_stm32f1xx.o ABSOLUTE
    ../Drivers/STM32F1xx_HAL_Driver/Src/stm32f1xx_hal.c 0x00000000   Number         0  stm32f1xx_hal.o ABSOLUTE
    ../Drivers/STM32F1xx_HAL_Driver/Src/stm32f1xx_hal_cortex.c 0x00000000   Number         0  stm32f1xx_hal_cortex.o ABSOLUTE
    ../Drivers/STM32F1xx_HAL_Driver/Src/stm32f1xx_hal_dma.c 0x00000000   Number         0  stm32f1xx_hal_dma.o ABSOLUTE
    ../Drivers/STM32F1xx_HAL_Driver/Src/stm32f1xx_hal_flash.c 0x00000000   Number         0  stm32f1xx_hal_flash.o ABSOLUTE
    ../Drivers/STM32F1xx_HAL_Driver/Src/stm32f1xx_hal_flash_ex.c 0x00000000   Number         0  stm32f1xx_hal_flash_ex.o ABSOLUTE
    ../Drivers/STM32F1xx_HAL_Driver/Src/stm32f1xx_hal_gpio.c 0x00000000   Number         0  stm32f1xx_hal_gpio.o ABSOLUTE
    ../Drivers/STM32F1xx_HAL_Driver/Src/stm32f1xx_hal_gpio_ex.c 0x00000000   Number         0  stm32f1xx_hal_gpio_ex.o ABSOLUTE
    ../Drivers/STM32F1xx_HAL_Driver/Src/stm32f1xx_hal_pwr.c 0x00000000   Number         0  stm32f1xx_hal_pwr.o ABSOLUTE
    ../Drivers/STM32F1xx_HAL_Driver/Src/stm32f1xx_hal_rcc.c 0x00000000   Number         0  stm32f1xx_hal_rcc.o ABSOLUTE
    ../Drivers/STM32F1xx_HAL_Driver/Src/stm32f1xx_hal_rcc_ex.c 0x00000000   Number         0  stm32f1xx_hal_rcc_ex.o ABSOLUTE
    ../Drivers/STM32F1xx_HAL_Driver/Src/stm32f1xx_hal_spi.c 0x00000000   Number         0  stm32f1xx_hal_spi.o ABSOLUTE
    ../Drivers/STM32F1xx_HAL_Driver/Src/stm32f1xx_hal_spi_ex.c 0x00000000   Number         0  stm32f1xx_hal_spi_ex.o ABSOLUTE
    ../Drivers/STM32F1xx_HAL_Driver/Src/stm32f1xx_hal_tim.c 0x00000000   Number         0  stm32f1xx_hal_tim.o ABSOLUTE
    ../Drivers/STM32F1xx_HAL_Driver/Src/stm32f1xx_hal_tim_ex.c 0x00000000   Number         0  stm32f1xx_hal_tim_ex.o ABSOLUTE
    ../Src/gpio.c                            0x00000000   Number         0  gpio.o ABSOLUTE
    ../Src/main.c                            0x00000000   Number         0  main.o ABSOLUTE
    ../Src/spi.c                             0x00000000   Number         0  spi.o ABSOLUTE
    ../Src/stm32f1xx_hal_msp.c               0x00000000   Number         0  stm32f1xx_hal_msp.o ABSOLUTE
    ../Src/stm32f1xx_it.c                    0x00000000   Number         0  stm32f1xx_it.o ABSOLUTE
    ../clib/microlib/cpp/cpp_init.c          0x00000000   Number         0  cpp_init.o ABSOLUTE
    ../clib/microlib/cpp/cpp_init.c          0x00000000   Number         0  cpp_init.o ABSOLUTE
    ../clib/microlib/cpp/cpp_memory.c        0x00000000   Number         0  cpp_memory.o ABSOLUTE
    ../clib/microlib/init/entry.s            0x00000000   Number         0  entry10a.o ABSOLUTE
    ../clib/microlib/init/entry.s            0x00000000   Number         0  entry.o ABSOLUTE
    ../clib/microlib/init/entry.s            0x00000000   Number         0  entry11a.o ABSOLUTE
    ../clib/microlib/init/entry.s            0x00000000   Number         0  entry2.o ABSOLUTE
    ../clib/microlib/init/entry.s            0x00000000   Number         0  entry11b.o ABSOLUTE
    ../clib/microlib/init/entry.s            0x00000000   Number         0  entry10b.o ABSOLUTE
    ../clib/microlib/init/entry.s            0x00000000   Number         0  entry9b.o ABSOLUTE
    ../clib/microlib/init/entry.s            0x00000000   Number         0  entry9a.o ABSOLUTE
    ../clib/microlib/init/entry.s            0x00000000   Number         0  entry8b.o ABSOLUTE
    ../clib/microlib/init/entry.s            0x00000000   Number         0  entry8a.o ABSOLUTE
    ../clib/microlib/init/entry.s            0x00000000   Number         0  entry7b.o ABSOLUTE
    ../clib/microlib/init/entry.s            0x00000000   Number         0  entry7a.o ABSOLUTE
    ../clib/microlib/init/entry.s            0x00000000   Number         0  entry5.o ABSOLUTE
    ../clib/microlib/longlong.c              0x00000000   Number         0  llushr.o ABSOLUTE
    ../clib/microlib/malloc/malloc.c         0x00000000   Number         0  malloca.o ABSOLUTE
    ../clib/microlib/malloc/malloc.c         0x00000000   Number         0  mallocra.o ABSOLUTE
    ../clib/microlib/malloc/malloc.c         0x00000000   Number         0  mallocr.o ABSOLUTE
    ../clib/microlib/malloc/malloc.c         0x00000000   Number         0  malloc.o ABSOLUTE
    ../clib/microlib/malloc/mvars.c          0x00000000   Number         0  mvars.o ABSOLUTE
    ../clib/microlib/stdlib/abort.c          0x00000000   Number         0  abort.o ABSOLUTE
    ../clib/microlib/string/memcpy.c         0x00000000   Number         0  memcpya.o ABSOLUTE
    ../clib/microlib/string/memcpy.c         0x00000000   Number         0  memcpyb.o ABSOLUTE
    ..\Drivers\STM32F1xx_HAL_Driver\Src\stm32f1xx_hal.c 0x00000000   Number         0  stm32f1xx_hal.o ABSOLUTE
    ..\Drivers\STM32F1xx_HAL_Driver\Src\stm32f1xx_hal_cortex.c 0x00000000   Number         0  stm32f1xx_hal_cortex.o ABSOLUTE
    ..\Drivers\STM32F1xx_HAL_Driver\Src\stm32f1xx_hal_dma.c 0x00000000   Number         0  stm32f1xx_hal_dma.o ABSOLUTE
    ..\Drivers\STM32F1xx_HAL_Driver\Src\stm32f1xx_hal_flash.c 0x00000000   Number         0  stm32f1xx_hal_flash.o ABSOLUTE
    ..\Drivers\STM32F1xx_HAL_Driver\Src\stm32f1xx_hal_flash_ex.c 0x00000000   Number         0  stm32f1xx_hal_flash_ex.o ABSOLUTE
    ..\Drivers\STM32F1xx_HAL_Driver\Src\stm32f1xx_hal_gpio.c 0x00000000   Number         0  stm32f1xx_hal_gpio.o ABSOLUTE
    ..\Drivers\STM32F1xx_HAL_Driver\Src\stm32f1xx_hal_gpio_ex.c 0x00000000   Number         0  stm32f1xx_hal_gpio_ex.o ABSOLUTE
    ..\Drivers\STM32F1xx_HAL_Driver\Src\stm32f1xx_hal_pwr.c 0x00000000   Number         0  stm32f1xx_hal_pwr.o ABSOLUTE
    ..\Drivers\STM32F1xx_HAL_Driver\Src\stm32f1xx_hal_rcc.c 0x00000000   Number         0  stm32f1xx_hal_rcc.o ABSOLUTE
    ..\Drivers\STM32F1xx_HAL_Driver\Src\stm32f1xx_hal_rcc_ex.c 0x00000000   Number         0  stm32f1xx_hal_rcc_ex.o ABSOLUTE
    ..\Drivers\STM32F1xx_HAL_Driver\Src\stm32f1xx_hal_spi.c 0x00000000   Number         0  stm32f1xx_hal_spi.o ABSOLUTE
    ..\Drivers\STM32F1xx_HAL_Driver\Src\stm32f1xx_hal_spi_ex.c 0x00000000   Number         0  stm32f1xx_hal_spi_ex.o ABSOLUTE
    ..\Drivers\STM32F1xx_HAL_Driver\Src\stm32f1xx_hal_tim.c 0x00000000   Number         0  stm32f1xx_hal_tim.o ABSOLUTE
    ..\Drivers\STM32F1xx_HAL_Driver\Src\stm32f1xx_hal_tim_ex.c 0x00000000   Number         0  stm32f1xx_hal_tim_ex.o ABSOLUTE
    ..\Src\OLED_Driver.cpp                   0x00000000   Number         0  oled_driver.o ABSOLUTE
    ..\Src\OLED_GFX.cpp                      0x00000000   Number         0  oled_gfx.o ABSOLUTE
    ..\Src\gpio.c                            0x00000000   Number         0  gpio.o ABSOLUTE
    ..\Src\main.c                            0x00000000   Number         0  main.o ABSOLUTE
    ..\Src\spi.c                             0x00000000   Number         0  spi.o ABSOLUTE
    ..\Src\stm32f1xx_hal_msp.c               0x00000000   Number         0  stm32f1xx_hal_msp.o ABSOLUTE
    ..\Src\stm32f1xx_it.c                    0x00000000   Number         0  stm32f1xx_it.o ABSOLUTE
    ..\\Src\\OLED_Driver.cpp                 0x00000000   Number         0  oled_driver.o ABSOLUTE
    ..\\Src\\OLED_GFX.cpp                    0x00000000   Number         0  oled_gfx.o ABSOLUTE
    ..\\Src\system_stm32f1xx.c               0x00000000   Number         0  system_stm32f1xx.o ABSOLUTE
    dc.s                                     0x00000000   Number         0  dc.o ABSOLUTE
    handlers.s                               0x00000000   Number         0  handlers.o ABSOLUTE
    init.s                                   0x00000000   Number         0  init.o ABSOLUTE
    startup_stm32f103xb.s                    0x00000000   Number         0  startup_stm32f103xb.o ABSOLUTE
    RESET                                    0x08000000   Section      236  startup_stm32f103xb.o(RESET)
    .ARM.Collect$$$$00000000                 0x080000ec   Section        0  entry.o(.ARM.Collect$$$$00000000)
    .ARM.Collect$$$$00000001                 0x080000ec   Section        4  entry2.o(.ARM.Collect$$$$00000001)
    .ARM.Collect$$$$00000004                 0x080000f0   Section        4  entry5.o(.ARM.Collect$$$$00000004)
    .ARM.Collect$$$$00000008                 0x080000f4   Section        0  entry7b.o(.ARM.Collect$$$$00000008)
    .ARM.Collect$$$$00000009                 0x080000f4   Section        4  entry8a.o(.ARM.Collect$$$$00000009)
    .ARM.Collect$$$$0000000A                 0x080000f8   Section        0  entry8b.o(.ARM.Collect$$$$0000000A)
    .ARM.Collect$$$$0000000B                 0x080000f8   Section        8  entry9a.o(.ARM.Collect$$$$0000000B)
    .ARM.Collect$$$$0000000D                 0x08000100   Section        0  entry10a.o(.ARM.Collect$$$$0000000D)
    .ARM.Collect$$$$0000000F                 0x08000100   Section        0  entry11a.o(.ARM.Collect$$$$0000000F)
    .ARM.Collect$$$$00002712                 0x08000100   Section        4  entry2.o(.ARM.Collect$$$$00002712)
    __lit__00000000                          0x08000100   Data           4  entry2.o(.ARM.Collect$$$$00002712)
    .text                                    0x08000104   Section       36  startup_stm32f103xb.o(.text)
    .text                                    0x08000128   Section        0  cpp_init.o(.text)
    .text                                    0x08000148   Section       36  init.o(.text)
    i.BusFault_Handler                       0x0800016c   Section        0  stm32f1xx_it.o(i.BusFault_Handler)
    i.DebugMon_Handler                       0x0800016e   Section        0  stm32f1xx_it.o(i.DebugMon_Handler)
    i.HAL_Delay                              0x08000170   Section        0  stm32f1xx_hal.o(i.HAL_Delay)
    i.HAL_GPIO_Init                          0x08000194   Section        0  stm32f1xx_hal_gpio.o(i.HAL_GPIO_Init)
    i.HAL_GPIO_WritePin                      0x0800035c   Section        0  stm32f1xx_hal_gpio.o(i.HAL_GPIO_WritePin)
    i.HAL_GetTick                            0x08000368   Section        0  stm32f1xx_hal.o(i.HAL_GetTick)
    i.HAL_IncTick                            0x08000374   Section        0  stm32f1xx_hal.o(i.HAL_IncTick)
    i.HAL_Init                               0x08000384   Section        0  stm32f1xx_hal.o(i.HAL_Init)
    i.HAL_InitTick                           0x080003a8   Section        0  stm32f1xx_hal.o(i.HAL_InitTick)
    i.HAL_MspInit                            0x080003e8   Section        0  stm32f1xx_hal_msp.o(i.HAL_MspInit)
    i.HAL_NVIC_SetPriority                   0x08000468   Section        0  stm32f1xx_hal_cortex.o(i.HAL_NVIC_SetPriority)
    i.HAL_NVIC_SetPriorityGrouping           0x080004a8   Section        0  stm32f1xx_hal_cortex.o(i.HAL_NVIC_SetPriorityGrouping)
    i.HAL_RCC_ClockConfig                    0x080004cc   Section        0  stm32f1xx_hal_rcc.o(i.HAL_RCC_ClockConfig)
    i.HAL_RCC_GetHCLKFreq                    0x08000618   Section        0  stm32f1xx_hal_rcc.o(i.HAL_RCC_GetHCLKFreq)
    i.HAL_RCC_GetSysClockFreq                0x08000624   Section        0  stm32f1xx_hal_rcc.o(i.HAL_RCC_GetSysClockFreq)
    i.HAL_RCC_OscConfig                      0x08000690   Section        0  stm32f1xx_hal_rcc.o(i.HAL_RCC_OscConfig)
    i.HAL_SPI_Init                           0x08000988   Section        0  stm32f1xx_hal_spi_ex.o(i.HAL_SPI_Init)
    i.HAL_SPI_MspInit                        0x08000a0c   Section        0  spi.o(i.HAL_SPI_MspInit)
    i.HAL_SPI_Transmit                       0x08000a50   Section        0  stm32f1xx_hal_spi.o(i.HAL_SPI_Transmit)
    i.HAL_SYSTICK_CLKSourceConfig            0x08000bb4   Section        0  stm32f1xx_hal_cortex.o(i.HAL_SYSTICK_CLKSourceConfig)
    i.HAL_SYSTICK_Callback                   0x08000bcc   Section        0  stm32f1xx_hal_cortex.o(i.HAL_SYSTICK_Callback)
    i.HAL_SYSTICK_Config                     0x08000bce   Section        0  stm32f1xx_hal_cortex.o(i.HAL_SYSTICK_Config)
    i.HAL_SYSTICK_IRQHandler                 0x08000bf6   Section        0  stm32f1xx_hal_cortex.o(i.HAL_SYSTICK_IRQHandler)
    i.HardFault_Handler                      0x08000bfe   Section        0  stm32f1xx_it.o(i.HardFault_Handler)
    i.MX_GPIO_Init                           0x08000c00   Section        0  gpio.o(i.MX_GPIO_Init)
    i.MX_SPI1_Init                           0x08000c84   Section        0  spi.o(i.MX_SPI1_Init)
    i.MemManage_Handler                      0x08000ce0   Section        0  stm32f1xx_it.o(i.MemManage_Handler)
    i.NMI_Handler                            0x08000ce2   Section        0  stm32f1xx_it.o(i.NMI_Handler)
    i.PendSV_Handler                         0x08000ce4   Section        0  stm32f1xx_it.o(i.PendSV_Handler)
    i.SVC_Handler                            0x08000ce6   Section        0  stm32f1xx_it.o(i.SVC_Handler)
    i.SysTick_Handler                        0x08000ce8   Section        0  stm32f1xx_it.o(i.SysTick_Handler)
    i.SystemInit                             0x08000cf8   Section        0  system_stm32f1xx.o(i.SystemInit)
    i.UsageFault_Handler                     0x08000d40   Section        0  stm32f1xx_it.o(i.UsageFault_Handler)
    i._Error_Handler                         0x08000d42   Section        0  main.o(i._Error_Handler)
    i._Z13testdrawrectsv                     0x08000d44   Section        0  main.o(i._Z13testdrawrectsv)
    i._Z13testfastlinesv                     0x08000d78   Section        0  main.o(i._Z13testfastlinesv)
    i._Z13testfillrectstt                    0x08000dc8   Section        0  main.o(i._Z13testfillrectstt)
    i._Z13testtrianglesv                     0x08000e18   Section        0  main.o(i._Z13testtrianglesv)
    i._Z14lcdTestPatternv                    0x08000e6c   Section        0  main.o(i._Z14lcdTestPatternv)
    i._Z14testroundrectsv                    0x08000ee8   Section        0  main.o(i._Z14testroundrectsv)
    i._Z15testdrawcirclest                   0x08000f40   Section        0  main.o(i._Z15testdrawcirclest)
    i._Z15testfillcirclesht                  0x08000f6c   Section        0  main.o(i._Z15testfillcirclesht)
    i._Z18SystemClock_Configv                0x08000f8c   Section        0  main.o(i._Z18SystemClock_Configv)
    i._Z9testlinesv                          0x08000ff4   Section        0  main.o(i._Z9testlinesv)
    i._ZN11OLED_Driver10Draw_PixelEss        0x08001138   Section        0  oled_driver.o(i._ZN11OLED_Driver10Draw_PixelEss)
    i._ZN11OLED_Driver10Write_DataEPht       0x08001168   Section        0  oled_driver.o(i._ZN11OLED_Driver10Write_DataEPht)
    i._ZN11OLED_Driver10Write_DataEh         0x080011c0   Section        0  oled_driver.o(i._ZN11OLED_Driver10Write_DataEh)
    i._ZN11OLED_Driver10Write_textEh         0x08001210   Section        0  oled_driver.o(i._ZN11OLED_Driver10Write_textEh)
    i._ZN11OLED_Driver11Device_InitEv        0x08001248   Section        0  oled_driver.o(i._ZN11OLED_Driver11Device_InitEv)
    i._ZN11OLED_Driver11Display_bmpEv        0x08001414   Section        0  oled_driver.o(i._ZN11OLED_Driver11Display_bmpEv)
    i._ZN11OLED_Driver11RAM_AddressEv        0x08001458   Section        0  oled_driver.o(i._ZN11OLED_Driver11RAM_AddressEv)
    i._ZN11OLED_Driver11Set_AddressEhh       0x0800148e   Section        0  oled_driver.o(i._ZN11OLED_Driver11Set_AddressEhh)
    i._ZN11OLED_Driver12Clear_ScreenEv       0x080014d2   Section        0  oled_driver.o(i._ZN11OLED_Driver12Clear_ScreenEv)
    i._ZN11OLED_Driver13Set_FillColorEt      0x08001504   Section        0  oled_driver.o(i._ZN11OLED_Driver13Set_FillColorEt)
    i._ZN11OLED_Driver13Write_CommandEh      0x08001514   Section        0  oled_driver.o(i._ZN11OLED_Driver13Write_CommandEh)
    i._ZN11OLED_Driver14Draw_FastHLineEsss   0x08001564   Section        0  oled_driver.o(i._ZN11OLED_Driver14Draw_FastHLineEsss)
    i._ZN11OLED_Driver14Draw_FastVLineEsss   0x080015e4   Section        0  oled_driver.o(i._ZN11OLED_Driver14Draw_FastVLineEsss)
    i._ZN11OLED_Driver14Set_CoordinateEtt    0x08001664   Section        0  oled_driver.o(i._ZN11OLED_Driver14Set_CoordinateEtt)
    i._ZN11OLED_Driver17Display_InterfaceEv  0x080016b0   Section        0  oled_driver.o(i._ZN11OLED_Driver17Display_InterfaceEv)
    i._ZN11OLED_Driver9Set_ColorEt           0x0800175c   Section        0  oled_driver.o(i._ZN11OLED_Driver9Set_ColorEt)
    i._ZN11OLED_DriverC1Ev                   0x0800176c   Section        0  oled_driver.o(i._ZN11OLED_DriverC1Ev)
    i._ZN41_INTERNAL_19_stm32f1xx_hal_spi_c_5e7b22bd17SPI_CheckFlag_BSYEP19__SPI_HandleTypeDefjj 0x0800176e   Section        0  stm32f1xx_hal_spi.o(i._ZN41_INTERNAL_19_stm32f1xx_hal_spi_c_5e7b22bd17SPI_CheckFlag_BSYEP19__SPI_HandleTypeDefjj)
    [local to stm32f1xx_hal_spi_c]::SPI_CheckFlag_BSY(__SPI_HandleTypeDef*, unsigned, unsigned) 0x0800176f   Thumb Code    32  stm32f1xx_hal_spi.o(i._ZN41_INTERNAL_19_stm32f1xx_hal_spi_c_5e7b22bd17SPI_CheckFlag_BSYEP19__SPI_HandleTypeDefjj)
    i._ZN41_INTERNAL_19_stm32f1xx_hal_spi_c_5e7b22bd29SPI_WaitFlagStateUntilTimeoutEP19__SPI_HandleTypeDefjjjj 0x0800178e   Section        0  stm32f1xx_hal_spi.o(i._ZN41_INTERNAL_19_stm32f1xx_hal_spi_c_5e7b22bd29SPI_WaitFlagStateUntilTimeoutEP19__SPI_HandleTypeDefjjjj)
    [local to stm32f1xx_hal_spi_c]::SPI_WaitFlagStateUntilTimeout(__SPI_HandleTypeDef*, unsigned, unsigned, unsigned, unsigned) 0x0800178f   Thumb Code   150  stm32f1xx_hal_spi.o(i._ZN41_INTERNAL_19_stm32f1xx_hal_spi_c_5e7b22bd29SPI_WaitFlagStateUntilTimeoutEP19__SPI_HandleTypeDefjjjj)
    i._ZN44_INTERNAL_22_stm32f1xx_hal_cortex_c_2992dbc016NVIC_SetPriorityE9IRQn_Typej 0x08001824   Section        0  stm32f1xx_hal_cortex.o(i._ZN44_INTERNAL_22_stm32f1xx_hal_cortex_c_2992dbc016NVIC_SetPriorityE9IRQn_Typej)
    [local to stm32f1xx_hal_cortex_c]::NVIC_SetPriority(IRQn_Type, unsigned) 0x08001825   Thumb Code    32  stm32f1xx_hal_cortex.o(i._ZN44_INTERNAL_22_stm32f1xx_hal_cortex_c_2992dbc016NVIC_SetPriorityE9IRQn_Typej)
    i._ZN8OLED_GFX10Write_LineEssss          0x08001844   Section        0  oled_gfx.o(i._ZN8OLED_GFX10Write_LineEssss)
    i._ZN8OLED_GFX11Draw_CircleEsss          0x080018f4   Section        0  oled_gfx.o(i._ZN8OLED_GFX11Draw_CircleEsss)
    i._ZN8OLED_GFX11Fill_CircleEsss          0x08001a40   Section        0  oled_gfx.o(i._ZN8OLED_GFX11Fill_CircleEsss)
    i._ZN8OLED_GFX12print_StringEhhPKh9FONT_SIZE 0x08001a7c   Section        0  oled_gfx.o(i._ZN8OLED_GFX12print_StringEhhPKh9FONT_SIZE)
    i._ZN8OLED_GFX13Draw_TriangleEssssss     0x08001aa0   Section        0  oled_gfx.o(i._ZN8OLED_GFX13Draw_TriangleEssssss)
    i._ZN8OLED_GFX14Draw_RoundRectEsssss     0x08001ad8   Section        0  oled_gfx.o(i._ZN8OLED_GFX14Draw_RoundRectEsssss)
    i._ZN8OLED_GFX17DrawCircle_HelperEsssh   0x08001bae   Section        0  oled_gfx.o(i._ZN8OLED_GFX17DrawCircle_HelperEsssh)
    i._ZN8OLED_GFX17FillCircle_HelperEssshs  0x08001cd4   Section        0  oled_gfx.o(i._ZN8OLED_GFX17FillCircle_HelperEssshs)
    i._ZN8OLED_GFX18Display_String_5x8EhhPKh 0x08001db8   Section        0  oled_gfx.o(i._ZN8OLED_GFX18Display_String_5x8EhhPKh)
    i._ZN8OLED_GFX19Display_String_8x16EhhPKh 0x08001e4c   Section        0  oled_gfx.o(i._ZN8OLED_GFX19Display_String_8x16EhhPKh)
    i._ZN8OLED_GFX9Draw_LineEssss            0x08001ed4   Section        0  oled_gfx.o(i._ZN8OLED_GFX9Draw_LineEssss)
    i._ZN8OLED_GFX9Draw_RectEssss            0x08001f2c   Section        0  oled_gfx.o(i._ZN8OLED_GFX9Draw_RectEssss)
    i._ZN8OLED_GFX9Fill_RectEtttt            0x08001f8c   Section        0  oled_gfx.o(i._ZN8OLED_GFX9Fill_RectEtttt)
    i._ZN8OLED_GFXC1Ev                       0x08002054   Section        0  oled_gfx.o(i._ZN8OLED_GFXC1Ev)
    i._ZN8OLED_GFXC2Ev                       0x08002070   Section        0  oled_gfx.o(i._ZN8OLED_GFXC2Ev)
    i.__scatterload_copy                     0x080020a0   Section       14  handlers.o(i.__scatterload_copy)
    i.__scatterload_null                     0x080020ae   Section        2  handlers.o(i.__scatterload_null)
    i.__scatterload_zeroinit                 0x080020b0   Section       14  handlers.o(i.__scatterload_zeroinit)
    i.__sti___6_main_c_oled                  0x080020c0   Section        0  main.o(i.__sti___6_main_c_oled)
    __sti___6_main_c_oled                    0x080020c1   Thumb Code     6  main.o(i.__sti___6_main_c_oled)
    i.main                                   0x080020cc   Section        0  main.o(i.main)
    .constdata                               0x080021f0   Section       16  system_stm32f1xx.o(.constdata)
    .constdata                               0x08002200   Section    50160  oled_driver.o(.constdata)
    interface_1                              0x08002200   Data        1008  oled_driver.o(.constdata)
    interface_2                              0x080025f0   Data       16384  oled_driver.o(.constdata)
    gImage_bmp2                              0x080065f0   Data       32768  oled_driver.o(.constdata)
    .constdata                               0x0800e5f0   Section     1995  oled_gfx.o(.constdata)
    ascii_table_8x16                         0x0800e5f0   Data        1520  oled_gfx.o(.constdata)
    ascii_table_5x8                          0x0800ebe0   Data         475  oled_gfx.o(.constdata)
    .constdata__ZTV8OLED_GFX                 0x0800edbc   Section        4  oled_gfx.o(.constdata__ZTV8OLED_GFX)
    vtable for OLED_GFX                      0x0800edbc   Number         0  oled_gfx.o(.constdata__ZTV8OLED_GFX)
    .constdata__ZTV8OLED_GFX                 0x0800edc0   Section       12  oled_gfx.o(.constdata__ZTV8OLED_GFX)
    .init_array                              0x0800edec   Section        4  main.o(.init_array)
    .init_array                              0x0800edf0   Section        0  cpp_init.o(.init_array)
    .data                                    0x20000000   Section        4  system_stm32f1xx.o(.data)
    .data                                    0x20000004   Section       12  stm32f1xx_hal.o(.data)
    .data                                    0x20000010   Section        4  main.o(.data)
    .data                                    0x20000014   Section        4  oled_driver.o(.data)
    .data                                    0x20000018   Section        3  oled_gfx.o(.data)
    .bss                                     0x2000001c   Section       88  spi.o(.bss)
    STACK                                    0x20000078   Section     1024  startup_stm32f103xb.o(STACK)

    Global Symbols

    Symbol Name                              Value     Ov Type        Size  Object(Section)

    BuildAttributes$$THM_ISAv4$P$D$K$B$S$PE$A:L22UL41UL21$X:L11$S22US41US21$IEEE1$IW$USESV6$~STKCKD$USESV7$~SHL$OSPACE$EBA8$UX$MICROLIB$REQ8$PRES8$EABIv2 0x00000000   Number         0  anon$$obj.o ABSOLUTE
    __ARM_use_no_argv                        0x00000000   Number         0  main.o ABSOLUTE
    __ARM::default_unexpected_handler()       - Undefined Weak Reference
    __ARM_exceptions_buffer_required          - Undefined Weak Reference
    __cxa_finalize                            - Undefined Weak Reference
    __decompress                              - Undefined Weak Reference
    _clock_init                               - Undefined Weak Reference
    _microlib_exit                            - Undefined Weak Reference
    __Vectors_Size                           0x000000ec   Number         0  startup_stm32f103xb.o ABSOLUTE
    __Vectors                                0x08000000   Data           4  startup_stm32f103xb.o(RESET)
    __Vectors_End                            0x080000ec   Data           0  startup_stm32f103xb.o(RESET)
    __main                                   0x080000ed   Thumb Code     0  entry.o(.ARM.Collect$$$$00000000)
    _main_stk                                0x080000ed   Thumb Code     0  entry2.o(.ARM.Collect$$$$00000001)
    _main_scatterload                        0x080000f1   Thumb Code     0  entry5.o(.ARM.Collect$$$$00000004)
    __main_after_scatterload                 0x080000f5   Thumb Code     0  entry5.o(.ARM.Collect$$$$00000004)
    _main_clock                              0x080000f5   Thumb Code     0  entry7b.o(.ARM.Collect$$$$00000008)
    _main_cpp_init$empty                     0x080000f5   Thumb Code     0  entry8a.o(.ARM.Collect$$$$00000009)
    _main_cpp_init                           0x080000f9   Thumb Code     0  entry8b.o(.ARM.Collect$$$$0000000A)
    _main_init                               0x080000f9   Thumb Code     0  entry9a.o(.ARM.Collect$$$$0000000B)
    __rt_final_cpp                           0x08000101   Thumb Code     0  entry10a.o(.ARM.Collect$$$$0000000D)
    __rt_final_exit                          0x08000101   Thumb Code     0  entry11a.o(.ARM.Collect$$$$0000000F)
    Reset_Handler                            0x08000105   Thumb Code     8  startup_stm32f103xb.o(.text)
    ADC1_2_IRQHandler                        0x0800011f   Thumb Code     0  startup_stm32f103xb.o(.text)
    CAN1_RX1_IRQHandler                      0x0800011f   Thumb Code     0  startup_stm32f103xb.o(.text)
    CAN1_SCE_IRQHandler                      0x0800011f   Thumb Code     0  startup_stm32f103xb.o(.text)
    DMA1_Channel1_IRQHandler                 0x0800011f   Thumb Code     0  startup_stm32f103xb.o(.text)
    DMA1_Channel2_IRQHandler                 0x0800011f   Thumb Code     0  startup_stm32f103xb.o(.text)
    DMA1_Channel3_IRQHandler                 0x0800011f   Thumb Code     0  startup_stm32f103xb.o(.text)
    DMA1_Channel4_IRQHandler                 0x0800011f   Thumb Code     0  startup_stm32f103xb.o(.text)
    DMA1_Channel5_IRQHandler                 0x0800011f   Thumb Code     0  startup_stm32f103xb.o(.text)
    DMA1_Channel6_IRQHandler                 0x0800011f   Thumb Code     0  startup_stm32f103xb.o(.text)
    DMA1_Channel7_IRQHandler                 0x0800011f   Thumb Code     0  startup_stm32f103xb.o(.text)
    EXTI0_IRQHandler                         0x0800011f   Thumb Code     0  startup_stm32f103xb.o(.text)
    EXTI15_10_IRQHandler                     0x0800011f   Thumb Code     0  startup_stm32f103xb.o(.text)
    EXTI1_IRQHandler                         0x0800011f   Thumb Code     0  startup_stm32f103xb.o(.text)
    EXTI2_IRQHandler                         0x0800011f   Thumb Code     0  startup_stm32f103xb.o(.text)
    EXTI3_IRQHandler                         0x0800011f   Thumb Code     0  startup_stm32f103xb.o(.text)
    EXTI4_IRQHandler                         0x0800011f   Thumb Code     0  startup_stm32f103xb.o(.text)
    EXTI9_5_IRQHandler                       0x0800011f   Thumb Code     0  startup_stm32f103xb.o(.text)
    FLASH_IRQHandler                         0x0800011f   Thumb Code     0  startup_stm32f103xb.o(.text)
    I2C1_ER_IRQHandler                       0x0800011f   Thumb Code     0  startup_stm32f103xb.o(.text)
    I2C1_EV_IRQHandler                       0x0800011f   Thumb Code     0  startup_stm32f103xb.o(.text)
    I2C2_ER_IRQHandler                       0x0800011f   Thumb Code     0  startup_stm32f103xb.o(.text)
    I2C2_EV_IRQHandler                       0x0800011f   Thumb Code     0  startup_stm32f103xb.o(.text)
    PVD_IRQHandler                           0x0800011f   Thumb Code     0  startup_stm32f103xb.o(.text)
    RCC_IRQHandler                           0x0800011f   Thumb Code     0  startup_stm32f103xb.o(.text)
    RTC_Alarm_IRQHandler                     0x0800011f   Thumb Code     0  startup_stm32f103xb.o(.text)
    RTC_IRQHandler                           0x0800011f   Thumb Code     0  startup_stm32f103xb.o(.text)
    SPI1_IRQHandler                          0x0800011f   Thumb Code     0  startup_stm32f103xb.o(.text)
    SPI2_IRQHandler                          0x0800011f   Thumb Code     0  startup_stm32f103xb.o(.text)
    TAMPER_IRQHandler                        0x0800011f   Thumb Code     0  startup_stm32f103xb.o(.text)
    TIM1_BRK_IRQHandler                      0x0800011f   Thumb Code     0  startup_stm32f103xb.o(.text)
    TIM1_CC_IRQHandler                       0x0800011f   Thumb Code     0  startup_stm32f103xb.o(.text)
    TIM1_TRG_COM_IRQHandler                  0x0800011f   Thumb Code     0  startup_stm32f103xb.o(.text)
    TIM1_UP_IRQHandler                       0x0800011f   Thumb Code     0  startup_stm32f103xb.o(.text)
    TIM2_IRQHandler                          0x0800011f   Thumb Code     0  startup_stm32f103xb.o(.text)
    TIM3_IRQHandler                          0x0800011f   Thumb Code     0  startup_stm32f103xb.o(.text)
    TIM4_IRQHandler                          0x0800011f   Thumb Code     0  startup_stm32f103xb.o(.text)
    USART1_IRQHandler                        0x0800011f   Thumb Code     0  startup_stm32f103xb.o(.text)
    USART2_IRQHandler                        0x0800011f   Thumb Code     0  startup_stm32f103xb.o(.text)
    USART3_IRQHandler                        0x0800011f   Thumb Code     0  startup_stm32f103xb.o(.text)
    USBWakeUp_IRQHandler                     0x0800011f   Thumb Code     0  startup_stm32f103xb.o(.text)
    USB_HP_CAN1_TX_IRQHandler                0x0800011f   Thumb Code     0  startup_stm32f103xb.o(.text)
    USB_LP_CAN1_RX0_IRQHandler               0x0800011f   Thumb Code     0  startup_stm32f103xb.o(.text)
    WWDG_IRQHandler                          0x0800011f   Thumb Code     0  startup_stm32f103xb.o(.text)
    __cpp_initialize__aeabi_                 0x08000129   Thumb Code    22  cpp_init.o(.text)
    __scatterload                            0x08000149   Thumb Code    28  init.o(.text)
    __scatterload_rt2                        0x08000149   Thumb Code     0  init.o(.text)
    BusFault_Handler                         0x0800016d   Thumb Code     2  stm32f1xx_it.o(i.BusFault_Handler)
    DebugMon_Handler                         0x0800016f   Thumb Code     2  stm32f1xx_it.o(i.DebugMon_Handler)
    HAL_Delay                                0x08000171   Thumb Code    32  stm32f1xx_hal.o(i.HAL_Delay)
    HAL_GPIO_Init                            0x08000195   Thumb Code   422  stm32f1xx_hal_gpio.o(i.HAL_GPIO_Init)
    HAL_GPIO_WritePin                        0x0800035d   Thumb Code    10  stm32f1xx_hal_gpio.o(i.HAL_GPIO_WritePin)
    HAL_GetTick                              0x08000369   Thumb Code     6  stm32f1xx_hal.o(i.HAL_GetTick)
    HAL_IncTick                              0x08000375   Thumb Code    12  stm32f1xx_hal.o(i.HAL_IncTick)
    HAL_Init                                 0x08000385   Thumb Code    32  stm32f1xx_hal.o(i.HAL_Init)
    HAL_InitTick                             0x080003a9   Thumb Code    54  stm32f1xx_hal.o(i.HAL_InitTick)
    HAL_MspInit                              0x080003e9   Thumb Code   118  stm32f1xx_hal_msp.o(i.HAL_MspInit)
    HAL_NVIC_SetPriority                     0x08000469   Thumb Code    60  stm32f1xx_hal_cortex.o(i.HAL_NVIC_SetPriority)
    HAL_NVIC_SetPriorityGrouping             0x080004a9   Thumb Code    26  stm32f1xx_hal_cortex.o(i.HAL_NVIC_SetPriorityGrouping)
    HAL_RCC_ClockConfig                      0x080004cd   Thumb Code   316  stm32f1xx_hal_rcc.o(i.HAL_RCC_ClockConfig)
    HAL_RCC_GetHCLKFreq                      0x08000619   Thumb Code     6  stm32f1xx_hal_rcc.o(i.HAL_RCC_GetHCLKFreq)
    HAL_RCC_GetSysClockFreq                  0x08000625   Thumb Code    76  stm32f1xx_hal_rcc.o(i.HAL_RCC_GetSysClockFreq)
    HAL_RCC_OscConfig                        0x08000691   Thumb Code   740  stm32f1xx_hal_rcc.o(i.HAL_RCC_OscConfig)
    HAL_SPI_Init                             0x08000989   Thumb Code   130  stm32f1xx_hal_spi_ex.o(i.HAL_SPI_Init)
    HAL_SPI_MspInit                          0x08000a0d   Thumb Code    54  spi.o(i.HAL_SPI_MspInit)
    HAL_SPI_Transmit                         0x08000a51   Thumb Code   356  stm32f1xx_hal_spi.o(i.HAL_SPI_Transmit)
    HAL_SYSTICK_CLKSourceConfig              0x08000bb5   Thumb Code    24  stm32f1xx_hal_cortex.o(i.HAL_SYSTICK_CLKSourceConfig)
    HAL_SYSTICK_Callback                     0x08000bcd   Thumb Code     2  stm32f1xx_hal_cortex.o(i.HAL_SYSTICK_Callback)
    HAL_SYSTICK_Config                       0x08000bcf   Thumb Code    40  stm32f1xx_hal_cortex.o(i.HAL_SYSTICK_Config)
    HAL_SYSTICK_IRQHandler                   0x08000bf7   Thumb Code     8  stm32f1xx_hal_cortex.o(i.HAL_SYSTICK_IRQHandler)
    HardFault_Handler                        0x08000bff   Thumb Code     2  stm32f1xx_it.o(i.HardFault_Handler)
    MX_GPIO_Init                             0x08000c01   Thumb Code   120  gpio.o(i.MX_GPIO_Init)
    MX_SPI1_Init                             0x08000c85   Thumb Code    66  spi.o(i.MX_SPI1_Init)
    MemManage_Handler                        0x08000ce1   Thumb Code     2  stm32f1xx_it.o(i.MemManage_Handler)
    NMI_Handler                              0x08000ce3   Thumb Code     2  stm32f1xx_it.o(i.NMI_Handler)
    PendSV_Handler                           0x08000ce5   Thumb Code     2  stm32f1xx_it.o(i.PendSV_Handler)
    SVC_Handler                              0x08000ce7   Thumb Code     2  stm32f1xx_it.o(i.SVC_Handler)
    SysTick_Handler                          0x08000ce9   Thumb Code    14  stm32f1xx_it.o(i.SysTick_Handler)
    SystemInit                               0x08000cf9   Thumb Code    56  system_stm32f1xx.o(i.SystemInit)
    UsageFault_Handler                       0x08000d41   Thumb Code     2  stm32f1xx_it.o(i.UsageFault_Handler)
    _Error_Handler                           0x08000d43   Thumb Code     2  main.o(i._Error_Handler)
    testdrawrects()                          0x08000d45   Thumb Code    46  main.o(i._Z13testdrawrectsv)
    testfastlines()                          0x08000d79   Thumb Code    76  main.o(i._Z13testfastlinesv)
    testfillrects(unsigned short, unsigned short) 0x08000dc9   Thumb Code    74  main.o(i._Z13testfillrectstt)
    testtriangles()                          0x08000e19   Thumb Code    78  main.o(i._Z13testtrianglesv)
    lcdTestPattern()                         0x08000e6d   Thumb Code   116  main.o(i._Z14lcdTestPatternv)
    testroundrects()                         0x08000ee9   Thumb Code    84  main.o(i._Z14testroundrectsv)
    testdrawcircles(unsigned short)          0x08000f41   Thumb Code    40  main.o(i._Z15testdrawcirclest)
    testfillcircles(unsigned char, unsigned short) 0x08000f6d   Thumb Code    26  main.o(i._Z15testfillcirclesht)
    SystemClock_Config()                     0x08000f8d   Thumb Code   104  main.o(i._Z18SystemClock_Configv)
    testlines()                              0x08000ff5   Thumb Code   318  main.o(i._Z9testlinesv)
    OLED_Driver::Draw_Pixel(short, short)    0x08001139   Thumb Code    44  oled_driver.o(i._ZN11OLED_Driver10Draw_PixelEss)
    OLED_Driver::Write_Data(unsigned char*, unsigned short) 0x08001169   Thumb Code    74  oled_driver.o(i._ZN11OLED_Driver10Write_DataEPht)
    OLED_Driver::Write_Data(unsigned char)   0x080011c1   Thumb Code    66  oled_driver.o(i._ZN11OLED_Driver10Write_DataEh)
    OLED_Driver::Write_text(unsigned char)   0x08001211   Thumb Code    52  oled_driver.o(i._ZN11OLED_Driver10Write_textEh)
    OLED_Driver::Device_Init()               0x08001249   Thumb Code   452  oled_driver.o(i._ZN11OLED_Driver11Device_InitEv)
    OLED_Driver::Display_bmp()               0x08001415   Thumb Code    60  oled_driver.o(i._ZN11OLED_Driver11Display_bmpEv)
    OLED_Driver::RAM_Address()               0x08001459   Thumb Code    54  oled_driver.o(i._ZN11OLED_Driver11RAM_AddressEv)
    OLED_Driver::Set_Address(unsigned char, unsigned char) 0x0800148f   Thumb Code    68  oled_driver.o(i._ZN11OLED_Driver11Set_AddressEhh)
    OLED_Driver::Clear_Screen()              0x080014d3   Thumb Code    50  oled_driver.o(i._ZN11OLED_Driver12Clear_ScreenEv)
    OLED_Driver::Set_FillColor(unsigned short) 0x08001505   Thumb Code    10  oled_driver.o(i._ZN11OLED_Driver13Set_FillColorEt)
    OLED_Driver::Write_Command(unsigned char) 0x08001515   Thumb Code    66  oled_driver.o(i._ZN11OLED_Driver13Write_CommandEh)
    OLED_Driver::Draw_FastHLine(short, short, short) 0x08001565   Thumb Code   122  oled_driver.o(i._ZN11OLED_Driver14Draw_FastHLineEsss)
    OLED_Driver::Draw_FastVLine(short, short, short) 0x080015e5   Thumb Code   122  oled_driver.o(i._ZN11OLED_Driver14Draw_FastVLineEsss)
    OLED_Driver::Set_Coordinate(unsigned short, unsigned short) 0x08001665   Thumb Code    76  oled_driver.o(i._ZN11OLED_Driver14Set_CoordinateEtt)
    OLED_Driver::Display_Interface()         0x080016b1   Thumb Code   160  oled_driver.o(i._ZN11OLED_Driver17Display_InterfaceEv)
    OLED_Driver::Set_Color(unsigned short)   0x0800175d   Thumb Code    10  oled_driver.o(i._ZN11OLED_Driver9Set_ColorEt)
    OLED_Driver::OLED_Driver()               0x0800176d   Thumb Code     2  oled_driver.o(i._ZN11OLED_DriverC1Ev)
    OLED_Driver::OLED_Driver__sub_object()   0x0800176d   Thumb Code     0  oled_driver.o(i._ZN11OLED_DriverC1Ev)
    OLED_GFX::Write_Line(short, short, short, short) 0x08001845   Thumb Code   176  oled_gfx.o(i._ZN8OLED_GFX10Write_LineEssss)
    OLED_GFX::Draw_Circle(short, short, short) 0x080018f5   Thumb Code   332  oled_gfx.o(i._ZN8OLED_GFX11Draw_CircleEsss)
    OLED_GFX::Fill_Circle(short, short, short) 0x08001a41   Thumb Code    60  oled_gfx.o(i._ZN8OLED_GFX11Fill_CircleEsss)
    OLED_GFX::print_String(unsigned char, unsigned char, const unsigned char*, FONT_SIZE) 0x08001a7d   Thumb Code    30  oled_gfx.o(i._ZN8OLED_GFX12print_StringEhhPKh9FONT_SIZE)
    OLED_GFX::Draw_Triangle(short, short, short, short, short, short) 0x08001aa1   Thumb Code    56  oled_gfx.o(i._ZN8OLED_GFX13Draw_TriangleEssssss)
    OLED_GFX::Draw_RoundRect(short, short, short, short, short) 0x08001ad9   Thumb Code   214  oled_gfx.o(i._ZN8OLED_GFX14Draw_RoundRectEsssss)
    OLED_GFX::DrawCircle_Helper(short, short, short, unsigned char) 0x08001baf   Thumb Code   294  oled_gfx.o(i._ZN8OLED_GFX17DrawCircle_HelperEsssh)
    OLED_GFX::FillCircle_Helper(short, short, short, unsigned char, short) 0x08001cd5   Thumb Code   226  oled_gfx.o(i._ZN8OLED_GFX17FillCircle_HelperEssshs)
    OLED_GFX::Display_String_5x8(unsigned char, unsigned char, const unsigned char*) 0x08001db9   Thumb Code   142  oled_gfx.o(i._ZN8OLED_GFX18Display_String_5x8EhhPKh)
    OLED_GFX::Display_String_8x16(unsigned char, unsigned char, const unsigned char*) 0x08001e4d   Thumb Code   130  oled_gfx.o(i._ZN8OLED_GFX19Display_String_8x16EhhPKh)
    OLED_GFX::Draw_Line(short, short, short, short) 0x08001ed5   Thumb Code    88  oled_gfx.o(i._ZN8OLED_GFX9Draw_LineEssss)
    OLED_GFX::Draw_Rect(short, short, short, short) 0x08001f2d   Thumb Code    94  oled_gfx.o(i._ZN8OLED_GFX9Draw_RectEssss)
    OLED_GFX::Fill_Rect(unsigned short, unsigned short, unsigned short, unsigned short) 0x08001f8d   Thumb Code   196  oled_gfx.o(i._ZN8OLED_GFX9Fill_RectEtttt)
    OLED_GFX::OLED_GFX()                     0x08002055   Thumb Code    22  oled_gfx.o(i._ZN8OLED_GFXC1Ev)
    OLED_GFX::OLED_GFX__sub_object()         0x08002071   Thumb Code    40  oled_gfx.o(i._ZN8OLED_GFXC2Ev)
    __scatterload_copy                       0x080020a1   Thumb Code    14  handlers.o(i.__scatterload_copy)
    __scatterload_null                       0x080020af   Thumb Code     2  handlers.o(i.__scatterload_null)
    __scatterload_zeroinit                   0x080020b1   Thumb Code    14  handlers.o(i.__scatterload_zeroinit)
    main                                     0x080020cd   Thumb Code   256  main.o(i.main)
    AHBPrescTable                            0x080021f0   Data          16  system_stm32f1xx.o(.constdata)
    VTT for OLED_GFX                         0x0800edbc   Data           4  oled_gfx.o(.constdata__ZTV8OLED_GFX)
    vtable for OLED_GFX                      0x0800edc0   Data          12  oled_gfx.o(.constdata__ZTV8OLED_GFX)
    Region$$Table$$Base                      0x0800edcc   Number         0  anon$$obj.o(Region$$Table)
    Region$$Table$$Limit                     0x0800edec   Number         0  anon$$obj.o(Region$$Table)
    SHT$$INIT_ARRAY$$Base                    0x0800edec   Number         0  main.o(.init_array)
    SHT$$INIT_ARRAY$$Limit                   0x0800edf0   Number         0  cpp_init.o(.init_array)
    SystemCoreClock                          0x20000000   Data           4  system_stm32f1xx.o(.data)
    uwTickFreq                               0x20000004   Data           1  stm32f1xx_hal.o(.data)
    uwTickPrio                               0x20000008   Data           4  stm32f1xx_hal.o(.data)
    uwTick                                   0x2000000c   Data           4  stm32f1xx_hal.o(.data)
    oled                                     0x20000010   Data           4  main.o(.data)
    color_byte                               0x20000014   Data           2  oled_driver.o(.data)
    color_fill_byte                          0x20000016   Data           2  oled_driver.o(.data)
    Row                                      0x20000018   Data           1  oled_gfx.o(.data)
    Column                                   0x20000019   Data           1  oled_gfx.o(.data)
    Font_Size                                0x2000001a   Data           1  oled_gfx.o(.data)
    hspi1                                    0x2000001c   Data          88  spi.o(.bss)
    __initial_sp                             0x20000478   Data           0  startup_stm32f103xb.o(STACK)



==============================================================================

Memory Map of the image

  Image Entry point : 0x080000ed

  Load Region LR_IROM1 (Base: 0x08000000, Size: 0x0000ee0c, Max: 0x00020000, ABSOLUTE)

    Execution Region ER_IROM1 (Exec base: 0x08000000, Load base: 0x08000000, Size: 0x0000edf0, Max: 0x00020000, ABSOLUTE)

    Exec Addr    Load Addr    Size         Type   Attr      Idx    E Section Name        Object

    0x08000000   0x08000000   0x000000ec   Data   RO            3    RESET               startup_stm32f103xb.o
    0x080000ec   0x080000ec   0x00000000   Code   RO         2303  * .ARM.Collect$$$$00000000  mc_w.l(entry.o)
    0x080000ec   0x080000ec   0x00000004   Code   RO         2326    .ARM.Collect$$$$00000001  mc_w.l(entry2.o)
    0x080000f0   0x080000f0   0x00000004   Code   RO         2329    .ARM.Collect$$$$00000004  mc_w.l(entry5.o)
    0x080000f4   0x080000f4   0x00000000   Code   RO         2331    .ARM.Collect$$$$00000008  mc_w.l(entry7b.o)
    0x080000f4   0x080000f4   0x00000004   Code   RO         2332    .ARM.Collect$$$$00000009  mc_w.l(entry8a.o)
    0x080000f8   0x080000f8   0x00000000   Code   RO         2333    .ARM.Collect$$$$0000000A  mc_w.l(entry8b.o)
    0x080000f8   0x080000f8   0x00000008   Code   RO         2334    .ARM.Collect$$$$0000000B  mc_w.l(entry9a.o)
    0x08000100   0x08000100   0x00000000   Code   RO         2336    .ARM.Collect$$$$0000000D  mc_w.l(entry10a.o)
    0x08000100   0x08000100   0x00000000   Code   RO         2338    .ARM.Collect$$$$0000000F  mc_w.l(entry11a.o)
    0x08000100   0x08000100   0x00000004   Code   RO         2327    .ARM.Collect$$$$00002712  mc_w.l(entry2.o)
    0x08000104   0x08000104   0x00000024   Code   RO            4    .text               startup_stm32f103xb.o
    0x08000128   0x08000128   0x00000020   Code   RO         2311    .text               mc_w.l(cpp_init.o)
    0x08000148   0x08000148   0x00000024   Code   RO         2353    .text               mc_w.l(init.o)
    0x0800016c   0x0800016c   0x00000002   Code   RO         1839    i.BusFault_Handler  stm32f1xx_it.o
    0x0800016e   0x0800016e   0x00000002   Code   RO         1840    i.DebugMon_Handler  stm32f1xx_it.o
    0x08000170   0x08000170   0x00000024   Code   RO          248    i.HAL_Delay         stm32f1xx_hal.o
    0x08000194   0x08000194   0x000001c8   Code   RO          170    i.HAL_GPIO_Init     stm32f1xx_hal_gpio.o
    0x0800035c   0x0800035c   0x0000000a   Code   RO          174    i.HAL_GPIO_WritePin  stm32f1xx_hal_gpio.o
    0x08000366   0x08000366   0x00000002   PAD
    0x08000368   0x08000368   0x0000000c   Code   RO          252    i.HAL_GetTick       stm32f1xx_hal.o
    0x08000374   0x08000374   0x00000010   Code   RO          256    i.HAL_IncTick       stm32f1xx_hal.o
    0x08000384   0x08000384   0x00000024   Code   RO          257    i.HAL_Init          stm32f1xx_hal.o
    0x080003a8   0x080003a8   0x00000040   Code   RO          258    i.HAL_InitTick      stm32f1xx_hal.o
    0x080003e8   0x080003e8   0x00000080   Code   RO         1782    i.HAL_MspInit       stm32f1xx_hal_msp.o
    0x08000468   0x08000468   0x00000040   Code   RO          709    i.HAL_NVIC_SetPriority  stm32f1xx_hal_cortex.o
    0x080004a8   0x080004a8   0x00000024   Code   RO          710    i.HAL_NVIC_SetPriorityGrouping  stm32f1xx_hal_cortex.o
    0x080004cc   0x080004cc   0x0000014c   Code   RO          835    i.HAL_RCC_ClockConfig  stm32f1xx_hal_rcc.o
    0x08000618   0x08000618   0x0000000c   Code   RO          840    i.HAL_RCC_GetHCLKFreq  stm32f1xx_hal_rcc.o
    0x08000624   0x08000624   0x0000006c   Code   RO          844    i.HAL_RCC_GetSysClockFreq  stm32f1xx_hal_rcc.o
    0x08000690   0x08000690   0x000002f8   Code   RO          847    i.HAL_RCC_OscConfig  stm32f1xx_hal_rcc.o
    0x08000988   0x08000988   0x00000082   Code   RO          637    i.HAL_SPI_Init      stm32f1xx_hal_spi_ex.o
    0x08000a0a   0x08000a0a   0x00000002   PAD
    0x08000a0c   0x08000a0c   0x00000044   Code   RO         1738    i.HAL_SPI_MspInit   spi.o
    0x08000a50   0x08000a50   0x00000164   Code   RO         1148    i.HAL_SPI_Transmit  stm32f1xx_hal_spi.o
    0x08000bb4   0x08000bb4   0x00000018   Code   RO          712    i.HAL_SYSTICK_CLKSourceConfig  stm32f1xx_hal_cortex.o
    0x08000bcc   0x08000bcc   0x00000002   Code   RO          713    i.HAL_SYSTICK_Callback  stm32f1xx_hal_cortex.o
    0x08000bce   0x08000bce   0x00000028   Code   RO          714    i.HAL_SYSTICK_Config  stm32f1xx_hal_cortex.o
    0x08000bf6   0x08000bf6   0x00000008   Code   RO          715    i.HAL_SYSTICK_IRQHandler  stm32f1xx_hal_cortex.o
    0x08000bfe   0x08000bfe   0x00000002   Code   RO         1841    i.HardFault_Handler  stm32f1xx_it.o
    0x08000c00   0x08000c00   0x00000084   Code   RO         1807    i.MX_GPIO_Init      gpio.o
    0x08000c84   0x08000c84   0x0000005c   Code   RO         1739    i.MX_SPI1_Init      spi.o
    0x08000ce0   0x08000ce0   0x00000002   Code   RO         1842    i.MemManage_Handler  stm32f1xx_it.o
    0x08000ce2   0x08000ce2   0x00000002   Code   RO         1843    i.NMI_Handler       stm32f1xx_it.o
    0x08000ce4   0x08000ce4   0x00000002   Code   RO         1844    i.PendSV_Handler    stm32f1xx_it.o
    0x08000ce6   0x08000ce6   0x00000002   Code   RO         1845    i.SVC_Handler       stm32f1xx_it.o
    0x08000ce8   0x08000ce8   0x0000000e   Code   RO         1846    i.SysTick_Handler   stm32f1xx_it.o
    0x08000cf6   0x08000cf6   0x00000002   PAD
    0x08000cf8   0x08000cf8   0x00000048   Code   RO           14    i.SystemInit        system_stm32f1xx.o
    0x08000d40   0x08000d40   0x00000002   Code   RO         1847    i.UsageFault_Handler  stm32f1xx_it.o
    0x08000d42   0x08000d42   0x00000002   Code   RO         1615    i._Error_Handler    main.o
    0x08000d44   0x08000d44   0x00000034   Code   RO         1616    i._Z13testdrawrectsv  main.o
    0x08000d78   0x08000d78   0x00000050   Code   RO         1617    i._Z13testfastlinesv  main.o
    0x08000dc8   0x08000dc8   0x00000050   Code   RO         1618    i._Z13testfillrectstt  main.o
    0x08000e18   0x08000e18   0x00000054   Code   RO         1619    i._Z13testtrianglesv  main.o
    0x08000e6c   0x08000e6c   0x0000007c   Code   RO         1620    i._Z14lcdTestPatternv  main.o
    0x08000ee8   0x08000ee8   0x00000058   Code   RO         1621    i._Z14testroundrectsv  main.o
    0x08000f40   0x08000f40   0x0000002c   Code   RO         1622    i._Z15testdrawcirclest  main.o
    0x08000f6c   0x08000f6c   0x00000020   Code   RO         1623    i._Z15testfillcirclesht  main.o
    0x08000f8c   0x08000f8c   0x00000068   Code   RO         1624    i._Z18SystemClock_Configv  main.o
    0x08000ff4   0x08000ff4   0x00000144   Code   RO         1625    i._Z9testlinesv     main.o
    0x08001138   0x08001138   0x00000030   Code   RO         1923    i._ZN11OLED_Driver10Draw_PixelEss  oled_driver.o
    0x08001168   0x08001168   0x00000058   Code   RO         1925    i._ZN11OLED_Driver10Write_DataEPht  oled_driver.o
    0x080011c0   0x080011c0   0x00000050   Code   RO         1926    i._ZN11OLED_Driver10Write_DataEh  oled_driver.o
    0x08001210   0x08001210   0x00000038   Code   RO         1927    i._ZN11OLED_Driver10Write_textEh  oled_driver.o
    0x08001248   0x08001248   0x000001cc   Code   RO         1928    i._ZN11OLED_Driver11Device_InitEv  oled_driver.o
    0x08001414   0x08001414   0x00000044   Code   RO         1929    i._ZN11OLED_Driver11Display_bmpEv  oled_driver.o
    0x08001458   0x08001458   0x00000036   Code   RO         1930    i._ZN11OLED_Driver11RAM_AddressEv  oled_driver.o
    0x0800148e   0x0800148e   0x00000044   Code   RO         1931    i._ZN11OLED_Driver11Set_AddressEhh  oled_driver.o
    0x080014d2   0x080014d2   0x00000032   Code   RO         1932    i._ZN11OLED_Driver12Clear_ScreenEv  oled_driver.o
    0x08001504   0x08001504   0x00000010   Code   RO         1933    i._ZN11OLED_Driver13Set_FillColorEt  oled_driver.o
    0x08001514   0x08001514   0x00000050   Code   RO         1934    i._ZN11OLED_Driver13Write_CommandEh  oled_driver.o
    0x08001564   0x08001564   0x00000080   Code   RO         1935    i._ZN11OLED_Driver14Draw_FastHLineEsss  oled_driver.o
    0x080015e4   0x080015e4   0x00000080   Code   RO         1936    i._ZN11OLED_Driver14Draw_FastVLineEsss  oled_driver.o
    0x08001664   0x08001664   0x0000004c   Code   RO         1937    i._ZN11OLED_Driver14Set_CoordinateEtt  oled_driver.o
    0x080016b0   0x080016b0   0x000000ac   Code   RO         1938    i._ZN11OLED_Driver17Display_InterfaceEv  oled_driver.o
    0x0800175c   0x0800175c   0x00000010   Code   RO         1940    i._ZN11OLED_Driver9Set_ColorEt  oled_driver.o
    0x0800176c   0x0800176c   0x00000002   Code   RO         1941    i._ZN11OLED_DriverC1Ev  oled_driver.o
    0x0800176e   0x0800176e   0x00000020   Code   RO         1168    i._ZN41_INTERNAL_19_stm32f1xx_hal_spi_c_5e7b22bd17SPI_CheckFlag_BSYEP19__SPI_HandleTypeDefjj  stm32f1xx_hal_spi.o
    0x0800178e   0x0800178e   0x00000096   Code   RO         1182    i._ZN41_INTERNAL_19_stm32f1xx_hal_spi_c_5e7b22bd29SPI_WaitFlagStateUntilTimeoutEP19__SPI_HandleTypeDefjjjj  stm32f1xx_hal_spi.o
    0x08001824   0x08001824   0x00000020   Code   RO          716    i._ZN44_INTERNAL_22_stm32f1xx_hal_cortex_c_2992dbc016NVIC_SetPriorityE9IRQn_Typej  stm32f1xx_hal_cortex.o
    0x08001844   0x08001844   0x000000b0   Code   RO         2065    i._ZN8OLED_GFX10Write_LineEssss  oled_gfx.o
    0x080018f4   0x080018f4   0x0000014c   Code   RO         2066    i._ZN8OLED_GFX11Draw_CircleEsss  oled_gfx.o
    0x08001a40   0x08001a40   0x0000003c   Code   RO         2067    i._ZN8OLED_GFX11Fill_CircleEsss  oled_gfx.o
    0x08001a7c   0x08001a7c   0x00000024   Code   RO         2069    i._ZN8OLED_GFX12print_StringEhhPKh9FONT_SIZE  oled_gfx.o
    0x08001aa0   0x08001aa0   0x00000038   Code   RO         2070    i._ZN8OLED_GFX13Draw_TriangleEssssss  oled_gfx.o
    0x08001ad8   0x08001ad8   0x000000d6   Code   RO         2071    i._ZN8OLED_GFX14Draw_RoundRectEsssss  oled_gfx.o
    0x08001bae   0x08001bae   0x00000126   Code   RO         2072    i._ZN8OLED_GFX17DrawCircle_HelperEsssh  oled_gfx.o
    0x08001cd4   0x08001cd4   0x000000e2   Code   RO         2073    i._ZN8OLED_GFX17FillCircle_HelperEssshs  oled_gfx.o
    0x08001db6   0x08001db6   0x00000002   PAD
    0x08001db8   0x08001db8   0x00000094   Code   RO         2074    i._ZN8OLED_GFX18Display_String_5x8EhhPKh  oled_gfx.o
    0x08001e4c   0x08001e4c   0x00000088   Code   RO         2076    i._ZN8OLED_GFX19Display_String_8x16EhhPKh  oled_gfx.o
    0x08001ed4   0x08001ed4   0x00000058   Code   RO         2077    i._ZN8OLED_GFX9Draw_LineEssss  oled_gfx.o
    0x08001f2c   0x08001f2c   0x0000005e   Code   RO         2078    i._ZN8OLED_GFX9Draw_RectEssss  oled_gfx.o
    0x08001f8a   0x08001f8a   0x00000002   PAD
    0x08001f8c   0x08001f8c   0x000000c8   Code   RO         2079    i._ZN8OLED_GFX9Fill_RectEtttt  oled_gfx.o
    0x08002054   0x08002054   0x0000001c   Code   RO         2080    i._ZN8OLED_GFXC1Ev  oled_gfx.o
    0x08002070   0x08002070   0x00000030   Code   RO         2081    i._ZN8OLED_GFXC2Ev  oled_gfx.o
    0x080020a0   0x080020a0   0x0000000e   Code   RO         2399    i.__scatterload_copy  mc_w.l(handlers.o)
    0x080020ae   0x080020ae   0x00000002   Code   RO         2400    i.__scatterload_null  mc_w.l(handlers.o)
    0x080020b0   0x080020b0   0x0000000e   Code   RO         2401    i.__scatterload_zeroinit  mc_w.l(handlers.o)
    0x080020be   0x080020be   0x00000002   PAD
    0x080020c0   0x080020c0   0x0000000c   Code   RO         1626    i.__sti___6_main_c_oled  main.o
    0x080020cc   0x080020cc   0x00000124   Code   RO         1627    i.main              main.o
    0x080021f0   0x080021f0   0x00000010   Data   RO           17    .constdata          system_stm32f1xx.o
    0x08002200   0x08002200   0x0000c3f0   Data   RO         1961    .constdata          oled_driver.o
    0x0800e5f0   0x0800e5f0   0x000007cb   Data   RO         2099    .constdata          oled_gfx.o
    0x0800edbb   0x0800edbb   0x00000001   PAD
    0x0800edbc   0x0800edbc   0x00000004   Data   RO         2180    .constdata__ZTV8OLED_GFX  oled_gfx.o
    0x0800edc0   0x0800edc0   0x0000000c   Data   RO         2182    .constdata__ZTV8OLED_GFX  oled_gfx.o
    0x0800edcc   0x0800edcc   0x00000020   Data   RO         2397    Region$$Table       anon$$obj.o
    0x0800edec   0x0800edec   0x00000004   Data   RO         1642    .init_array         main.o
    0x0800edf0   0x0800edec   0x00000000   Data   RO         2309    .init_array         mc_w.l(cpp_init.o)


    Execution Region RW_IRAM1 (Exec base: 0x20000000, Load base: 0x0800edf0, Size: 0x00000478, Max: 0x00005000, ABSOLUTE)

    Exec Addr    Load Addr    Size         Type   Attr      Idx    E Section Name        Object

    0x20000000   0x0800edf0   0x00000004   Data   RW           19    .data               system_stm32f1xx.o
    0x20000004   0x0800edf4   0x0000000c   Data   RW          287    .data               stm32f1xx_hal.o
    0x20000010   0x0800ee00   0x00000004   Data   RW         1641    .data               main.o
    0x20000014   0x0800ee04   0x00000004   Data   RW         1962    .data               oled_driver.o
    0x20000018   0x0800ee08   0x00000003   Data   RW         2100    .data               oled_gfx.o
    0x2000001b   0x0800ee0b   0x00000001   PAD
    0x2000001c        -       0x00000058   Zero   RW         1743    .bss                spi.o
    0x20000074   0x0800ee0b   0x00000004   PAD
    0x20000078        -       0x00000400   Zero   RW            1    STACK               startup_stm32f103xb.o


==============================================================================

Image component sizes


      Code (inc. data)   RO Data    RW Data    ZI Data      Debug   Object Name

       132         12          0          0          0        927   gpio.o
      1318         92          4          4          0      12469   main.o
      1590        102      50160          4          0      13313   oled_driver.o
      2136         36       2011          3          0      13419   oled_gfx.o
       160         40          0          0         88       1637   spi.o
        36          8        236          0       1024        808   startup_stm32f103xb.o
       164         28          0         12          0       3913   stm32f1xx_hal.o
       206         14          0          0          0      26780   stm32f1xx_hal_cortex.o
       466         34          0          0          0       2912   stm32f1xx_hal_gpio.o
       128         10          0          0          0        910   stm32f1xx_hal_msp.o
      1212         74          0          0          0       4710   stm32f1xx_hal_rcc.o
       538          0          0          0          0       3351   stm32f1xx_hal_spi.o
       130          0          0          0          0       1103   stm32f1xx_hal_spi_ex.o
        30          0          0          0          0       3882   stm32f1xx_it.o
        72         16         16          4          0     403891   system_stm32f1xx.o

    ----------------------------------------------------------------------
      8328        466      52460         28       1116     494025   Object Totals
         0          0         32          0          0          0   (incl. Generated)
        10          0          1          1          4          0   (incl. Padding)

    ----------------------------------------------------------------------

      Code (inc. data)   RO Data    RW Data    ZI Data      Debug   Library Member Name

        32         10          0          0          0         80   cpp_init.o
         0          0          0          0          0          0   entry.o
         0          0          0          0          0          0   entry10a.o
         0          0          0          0          0          0   entry11a.o
         8          4          0          0          0          0   entry2.o
         4          0          0          0          0          0   entry5.o
         0          0          0          0          0          0   entry7b.o
         4          0          0          0          0          0   entry8a.o
         0          0          0          0          0          0   entry8b.o
         8          4          0          0          0          0   entry9a.o
        30          0          0          0          0          0   handlers.o
        36          8          0          0          0         68   init.o

    ----------------------------------------------------------------------
       124         26          0          0          0        148   Library Totals
         2          0          0          0          0          0   (incl. Padding)

    ----------------------------------------------------------------------

      Code (inc. data)   RO Data    RW Data    ZI Data      Debug   Library Name

       122         26          0          0          0        148   mc_w.l

    ----------------------------------------------------------------------
       124         26          0          0          0        148   Library Totals

    ----------------------------------------------------------------------

==============================================================================


      Code (inc. data)   RO Data    RW Data    ZI Data      Debug   

      8452        492      52460         28       1116     490373   Grand Totals
      8452        492      52460         28       1116     490373   ELF Image Totals
      8452        492      52460         28          0          0   ROM Totals

==============================================================================

    Total RO  Size (Code + RO Data)                60912 (  59.48kB)
    Total RW  Size (RW Data + ZI Data)              1144 (   1.12kB)
    Total ROM Size (Code + RO Data + RW Data)      60940 (  59.51kB)

==============================================================================

